<html>
<body>
<pre>
<h1>礦ision Build Log</h1>
<h2>Tool Versions:</h2>
IDE-Version: μVision V5.27.1.0
Copyright (C) 2019 ARM Ltd and ARM Germany GmbH. All rights reserved.
License Information: LDL LDL, 123456, LIC=KRMW3-AAKHJ-KP1ZY-I7S69-4HUEQ-JF80V
 
Tool Versions:
Toolchain:       MDK-ARM Plus  Version: 5.30.0.0
Toolchain Path:  C:\Keil_v5\ARM\ARMCLANG\Bin
C Compiler:      ArmClang.exe V6.14
Assembler:       Armasm.exe V6.14
Linker/Locator:  ArmLink.exe V6.14
Library Manager: ArmAr.exe V6.14
Hex Converter:   FromElf.exe V6.14
CPU DLL:         
Dialog DLL:      
Target DLL:      Segger\JL2CM3.dll V2.99.38.0
Dialog DLL:      TCM.DLL V1.42.0.0
 
<h2>Project:</h2>
F:\工作资料\智慧农业\代码\发送部分\GD32_LORA_TRANSMIT\Project\Project.uvprojx
Project File Date:  08/25/2021

<h2>Output:</h2>
*** Using Compiler 'V6.14', folder: 'C:\Keil_v5\ARM\ARMCLANG\Bin'
Rebuild target 'GD32E230C_START'
../Application/gd32e23x_it.c(153): warning: implicit declaration of function 'SX126xOnDio1Irq' is invalid in C99 [-Wimplicit-function-declaration]
                                SX126xOnDio1Irq();
                                ^
1 warning generated.
compiling gd32e23x_it.c...
compiling BH1750.c...
compiling systick.c...
compiling delay.c...
../Application/main.c(140): warning: implicitly declaring library function 'printf' with type 'int (const char *, ...)' [-Wimplicit-function-declaration]
                printf("SHT3x_Init OK \r\n");
                ^
../Application/main.c(140): note: include the header <stdio.h> or explicitly provide a declaration for 'printf'
../Application/main.c(265): warning: 'memcpy' call operates on objects of type 'uint16_t' (aka 'unsigned short') while the size is based on a different type 'uint16_t *' (aka 'unsigned short *') [-Wsizeof-pointer-memaccess]
                memcpy(Buffer+16, (uint16_t*)&light, sizeof((uint16_t*)&light));
                                  ~~~~~~~~~~~~~~~~~         ^~~~~~~~~~~~~~~~~
../Application/main.c(265): note: did you mean to dereference the argument to 'sizeof' (and multiply it by the number of elements)?
                memcpy(Buffer+16, (uint16_t*)&light, sizeof((uint16_t*)&light));
                                                            ^~~~~~~~~~~~~~~~~
2 warnings generated.
compiling main.c...
compiling usart.c...
../User/sx126x_v01.c(217): warning: format specifies type 'int' but the argument has type 'FskBandwidth_t' [-Wformat]
                        printf("FSK BW=%d\n",FskBandwidths[i+1]);
                                       ~~    ^~~~~~~~~~~~~~~~~~
1 warning generated.
compiling sx126x_v01.c...
compiling sht3x.c...
compiling system_gd32e23x.c...
compiling SPI.c...
compiling soft_i2c.c...
compiling gd32e23x_cmp.c...
compiling gd32e23x_adc.c...
compiling gd32e23x_crc.c...
compiling gd32e23x_dbg.c...
compiling gd32e23x_exti.c...
compiling gd32e23x_dma.c...
compiling gd32e23x_fmc.c...
compiling gd32e23x_fwdgt.c...
compiling gd32e23x_gpio.c...
compiling gd32e23x_misc.c...
compiling gd32e23x_i2c.c...
compiling gd32e23x_pmu.c...
compiling gd32e23x_rcu.c...
compiling gd32e23x_rtc.c...
compiling gd32e23x_spi.c...
compiling gd32e23x_syscfg.c...
assembling startup_gd32e23x.s...
compiling gd32e23x_wwdgt.c...
compiling gd32e23x_usart.c...
compiling gd32e23x_timer.c...
linking...
Program Size: Code=23244 RO-data=1136 RW-data=24 ZI-data=2448  
FromELF: creating hex file...
".\output\GD32E230C_START.axf" - 0 Error(s), 4 Warning(s).

<h2>Software Packages used:</h2>

Package Vendor: ARM
                http://www.keil.com/pack/ARM.CMSIS.5.7.0.pack
                ARM.CMSIS.5.7.0
                CMSIS (Cortex Microcontroller Software Interface Standard)
   * Component: CORE Version: 5.4.0

Package Vendor: GigaDevice
                http://gd32mcu.21ic.com/data/documents/yingyongruanjian/GigaDevice.GD32E23x_DFP.1.0.0.pack
                GigaDevice.GD32E23x_DFP.1.0.0
                GigaDevice GD32E23x Series Device Support and Examples

<h2>Collection of Component include folders:</h2>
  .\RTE\_GD32E230C_START
  C:\Keil_v5\ARM\PACK\ARM\CMSIS\5.7.0\CMSIS\Core\Include
  C:\Keil_v5\ARM\PACK\GigaDevice\GD32E23x_DFP\1.0.0\Device\Include

<h2>Collection of Component Files used:</h2>

   * Component: ARM::CMSIS:CORE:5.4.0
Build Time Elapsed:  00:00:04
</pre>
</body>
</html>
