Component: ARM Compiler 6.14 Tool: armlink [5db06800]

==============================================================================

Section Cross References

    gd32e23x_it.o(.ARM.exidx.text.NMI_Handler) refers to gd32e23x_it.o(.text.NMI_Handler) for [Anonymous Symbol]
    gd32e23x_it.o(.ARM.exidx.text.HardFault_Handler) refers to gd32e23x_it.o(.text.HardFault_Handler) for [Anonymous Symbol]
    gd32e23x_it.o(.ARM.exidx.text.MemManage_Handler) refers to gd32e23x_it.o(.text.MemManage_Handler) for [Anonymous Symbol]
    gd32e23x_it.o(.ARM.exidx.text.BusFault_Handler) refers to gd32e23x_it.o(.text.BusFault_Handler) for [Anonymous Symbol]
    gd32e23x_it.o(.ARM.exidx.text.UsageFault_Handler) refers to gd32e23x_it.o(.text.UsageFault_Handler) for [Anonymous Symbol]
    gd32e23x_it.o(.ARM.exidx.text.SVC_Handler) refers to gd32e23x_it.o(.text.SVC_Handler) for [Anonymous Symbol]
    gd32e23x_it.o(.ARM.exidx.text.DebugMon_Handler) refers to gd32e23x_it.o(.text.DebugMon_Handler) for [Anonymous Symbol]
    gd32e23x_it.o(.ARM.exidx.text.PendSV_Handler) refers to gd32e23x_it.o(.text.PendSV_Handler) for [Anonymous Symbol]
    gd32e23x_it.o(.text.SysTick_Handler) refers to systick.o(.text.delay_decrement) for delay_decrement
    gd32e23x_it.o(.ARM.exidx.text.SysTick_Handler) refers to gd32e23x_it.o(.text.SysTick_Handler) for [Anonymous Symbol]
    gd32e23x_it.o(.text.EXTI2_3_IRQHandler) refers to gd32e23x_exti.o(.text.exti_interrupt_flag_get) for exti_interrupt_flag_get
    gd32e23x_it.o(.text.EXTI2_3_IRQHandler) refers to main.o(.text.SX126xOnDio1Irq) for SX126xOnDio1Irq
    gd32e23x_it.o(.text.EXTI2_3_IRQHandler) refers to gd32e23x_exti.o(.text.exti_interrupt_flag_clear) for exti_interrupt_flag_clear
    gd32e23x_it.o(.ARM.exidx.text.EXTI2_3_IRQHandler) refers to gd32e23x_it.o(.text.EXTI2_3_IRQHandler) for [Anonymous Symbol]
    main.o(.text.main) refers to memseta.o(.text) for __aeabi_memclr
    main.o(.text.main) refers to systick.o(.text.systick_config) for systick_config
    main.o(.text.main) refers to main.o(.text.MX_GPIO_Init) for MX_GPIO_Init
    main.o(.text.main) refers to spi.o(.text.rcu_config) for rcu_config
    main.o(.text.main) refers to spi.o(.text.gpio_config) for gpio_config
    main.o(.text.main) refers to spi.o(.text.spi_config) for spi_config
    main.o(.text.main) refers to usart.o(.text.USART0_Init) for USART0_Init
    main.o(.text.main) refers to usart.o(.text.USART1_Init) for USART1_Init
    main.o(.text.main) refers to bh1750.o(.text.Init_BH1750) for Init_BH1750
    main.o(.text.main) refers to sht3x.o(.text.SHT3x_reset) for SHT3x_reset
    main.o(.text.main) refers to sht3x.o(.text.SHT3x_Init) for SHT3x_Init
    main.o(.text.main) refers to printfa.o(i.__0printf) for printf
    main.o(.text.main) refers to gd32e23x_gpio.o(.text.gpio_bit_toggle) for gpio_bit_toggle
    main.o(.text.main) refers to delay.o(.text.Delay_ms) for Delay_ms
    main.o(.text.main) refers to sx126x_v01.o(.text.SX126xReset) for SX126xReset
    main.o(.text.main) refers to sx126x_v01.o(.text.SX126xReadRegister) for SX126xReadRegister
    main.o(.text.main) refers to sx126x_v01.o(.text.RadioInit) for RadioInit
    main.o(.text.main) refers to sx126x_v01.o(.text.SX126xWriteRegister) for SX126xWriteRegister
    main.o(.text.main) refers to sx126x_v01.o(.text.SX126xSetRfFrequency) for SX126xSetRfFrequency
    main.o(.text.main) refers to sx126x_v01.o(.text.RadioSetTxConfig) for RadioSetTxConfig
    main.o(.text.main) refers to sx126x_v01.o(.text.RadioSetRxConfig) for RadioSetRxConfig
    main.o(.text.main) refers to bh1750.o(.text.read_BH1750) for read_BH1750
    main.o(.text.main) refers to sht3x.o(.text.SHT3x_Get_Humiture_periodic) for SHT3x_Get_Humiture_periodic
    main.o(.text.main) refers to memcpya.o(.text) for __aeabi_memcpy
    main.o(.text.main) refers to sx126x_v01.o(.text.RadioSend) for RadioSend
    main.o(.text.main) refers to sx126x_v01.o(.text.SX126xGetStatus) for SX126xGetStatus
    main.o(.text.main) refers to main.o(.rodata.str1.1) for .L.str.1
    main.o(.text.main) refers to main.o(.data.RadioPublicNetwork) for [Anonymous Symbol]
    main.o(.text.main) refers to main.o(.bss.Buffer) for Buffer
    main.o(.text.main) refers to main.o(.bss.TXDone) for TXDone
    main.o(.text.main) refers to main.o(.bss.TimeOutFlag) for TimeOutFlag
    main.o(.ARM.exidx.text.main) refers to main.o(.text.main) for [Anonymous Symbol]
    main.o(.text.MX_GPIO_Init) refers to gd32e23x_rcu.o(.text.rcu_periph_clock_enable) for rcu_periph_clock_enable
    main.o(.text.MX_GPIO_Init) refers to gd32e23x_gpio.o(.text.gpio_bit_reset) for gpio_bit_reset
    main.o(.text.MX_GPIO_Init) refers to gd32e23x_gpio.o(.text.gpio_bit_set) for gpio_bit_set
    main.o(.text.MX_GPIO_Init) refers to gd32e23x_gpio.o(.text.gpio_mode_set) for gpio_mode_set
    main.o(.text.MX_GPIO_Init) refers to gd32e23x_gpio.o(.text.gpio_output_options_set) for gpio_output_options_set
[...]
    __arm_cp.24_2                            0x08002758   Number         4  sx126x_v01.o(.text.SX126xSetModulationParams)
    __arm_cp.24_3                            0x0800275c   Number         4  sx126x_v01.o(.text.SX126xSetModulationParams)
    __arm_cp.24_4                            0x08002760   Number         4  sx126x_v01.o(.text.SX126xSetModulationParams)
    [Anonymous Symbol]                       0x08002764   Section        0  sx126x_v01.o(.text.SX126xSetPaConfig)
    [Anonymous Symbol]                       0x080027b8   Section        0  sx126x_v01.o(.text.SX126xSetPacketParams)
    __arm_cp.20_1                            0x080028cc   Number         4  sx126x_v01.o(.text.SX126xSetPacketParams)
    __arm_cp.20_2                            0x080028d0   Number         4  sx126x_v01.o(.text.SX126xSetPacketParams)
    __arm_cp.20_3                            0x080028d4   Number         4  sx126x_v01.o(.text.SX126xSetPacketParams)
    __arm_cp.20_4                            0x080028d8   Number         4  sx126x_v01.o(.text.SX126xSetPacketParams)
    [Anonymous Symbol]                       0x080028dc   Section        0  sx126x_v01.o(.text.SX126xSetPacketType)
    __arm_cp.13_0                            0x0800290c   Number         4  sx126x_v01.o(.text.SX126xSetPacketType)
    __arm_cp.13_1                            0x08002910   Number         4  sx126x_v01.o(.text.SX126xSetPacketType)
    [Anonymous Symbol]                       0x08002914   Section        0  sx126x_v01.o(.text.SX126xSetPayload)
    [Anonymous Symbol]                       0x08002938   Section        0  sx126x_v01.o(.text.SX126xSetRegulatorMode)
    [Anonymous Symbol]                       0x08002954   Section        0  sx126x_v01.o(.text.SX126xSetRfFrequency)
    __arm_cp.8_0                             0x080029fc   Number         4  sx126x_v01.o(.text.SX126xSetRfFrequency)
    __arm_cp.8_1                             0x08002a00   Number         4  sx126x_v01.o(.text.SX126xSetRfFrequency)
    __arm_cp.8_2                             0x08002a04   Number         4  sx126x_v01.o(.text.SX126xSetRfFrequency)
    __arm_cp.8_3                             0x08002a08   Number         4  sx126x_v01.o(.text.SX126xSetRfFrequency)
    [Anonymous Symbol]                       0x08002a0c   Section        0  sx126x_v01.o(.text.SX126xSetRfTxPower)
    [Anonymous Symbol]                       0x08002a28   Section        0  sx126x_v01.o(.text.SX126xSetStandby)
    [Anonymous Symbol]                       0x08002a60   Section        0  sx126x_v01.o(.text.SX126xSetStopRxTimerOnPreambleDetect)
    [Anonymous Symbol]                       0x08002a7c   Section        0  sx126x_v01.o(.text.SX126xSetSyncWord)
    [Anonymous Symbol]                       0x08002a94   Section        0  sx126x_v01.o(.text.SX126xSetTx)
    __arm_cp.34_0                            0x08002ac0   Number         4  sx126x_v01.o(.text.SX126xSetTx)
    [Anonymous Symbol]                       0x08002ac4   Section        0  sx126x_v01.o(.text.SX126xSetTxParams)
    __arm_cp.5_0                             0x08002ba4   Number         4  sx126x_v01.o(.text.SX126xSetTxParams)
    [Anonymous Symbol]                       0x08002ba8   Section        0  sx126x_v01.o(.text.SX126xSetWhiteningSeed)
    __arm_cp.26_0                            0x08002bfc   Number         4  sx126x_v01.o(.text.SX126xSetWhiteningSeed)
    [Anonymous Symbol]                       0x08002c00   Section        0  sx126x_v01.o(.text.SX126xWaitOnBusy)
    __arm_cp.55_0                            0x08002c18   Number         4  sx126x_v01.o(.text.SX126xWaitOnBusy)
    [Anonymous Symbol]                       0x08002c1c   Section        0  sx126x_v01.o(.text.SX126xWakeup)
    [Anonymous Symbol]                       0x08002c5a   Section        0  sx126x_v01.o(.text.SX126xWriteBuffer)
    [Anonymous Symbol]                       0x08002cd2   Section        0  sx126x_v01.o(.text.SX126xWriteCommand)
    [Anonymous Symbol]                       0x08002d56   Section        0  sx126x_v01.o(.text.SX126xWriteRegister)
    [Anonymous Symbol]                       0x08002d7e   Section        0  sx126x_v01.o(.text.SX126xWriteRegisters)
    [Anonymous Symbol]                       0x08002e02   Section        0  bh1750.o(.text.Single_Write_BH1750)
    SysTick_Config                           0x08002e2d   Thumb Code    84  systick.o(.text.SysTick_Config)
    [Anonymous Symbol]                       0x08002e2c   Section        0  systick.o(.text.SysTick_Config)
    __arm_cp.1_0                             0x08002e74   Number         4  systick.o(.text.SysTick_Config)
    __arm_cp.1_1                             0x08002e78   Number         4  systick.o(.text.SysTick_Config)
    __arm_cp.1_2                             0x08002e7c   Number         4  systick.o(.text.SysTick_Config)
    [Anonymous Symbol]                       0x08002e80   Section        0  gd32e23x_it.o(.text.SysTick_Handler)
    [Anonymous Symbol]                       0x08002e88   Section        0  system_gd32e23x.o(.text.SystemInit)
    __arm_cp.0_0                             0x08002f10   Number         4  system_gd32e23x.o(.text.SystemInit)
    __arm_cp.0_1                             0x08002f14   Number         4  system_gd32e23x.o(.text.SystemInit)
    __arm_cp.0_2                             0x08002f18   Number         4  system_gd32e23x.o(.text.SystemInit)
    __arm_cp.0_3                             0x08002f1c   Number         4  system_gd32e23x.o(.text.SystemInit)
    __arm_cp.0_4                             0x08002f20   Number         4  system_gd32e23x.o(.text.SystemInit)
    __arm_cp.0_5                             0x08002f24   Number         4  system_gd32e23x.o(.text.SystemInit)
    __arm_cp.0_6                             0x08002f28   Number         4  system_gd32e23x.o(.text.SystemInit)
    __arm_cp.0_7                             0x08002f2c   Number         4  system_gd32e23x.o(.text.SystemInit)
    __arm_cp.0_8                             0x08002f30   Number         4  system_gd32e23x.o(.text.SystemInit)
    [Anonymous Symbol]                       0x08002f34   Section        0  usart.o(.text.USART0_IRQHandler)
    __arm_cp.3_4                             0x08002f7c   Number         4  usart.o(.text.USART0_IRQHandler)
    [Anonymous Symbol]                       0x08002f80   Section        0  usart.o(.text.USART0_Init)
    __arm_cp.0_1                             0x08003054   Number         4  usart.o(.text.USART0_Init)
    __arm_cp.0_2                             0x08003058   Number         4  usart.o(.text.USART0_Init)
    [Anonymous Symbol]                       0x0800305c   Section        0  usart.o(.text.USART1_IRQHandler)
    __arm_cp.7_1                             0x080030a4   Number         4  usart.o(.text.USART1_IRQHandler)
    __arm_cp.7_2                             0x080030a8   Number         4  usart.o(.text.USART1_IRQHandler)
    __arm_cp.7_3                             0x080030ac   Number         4  usart.o(.text.USART1_IRQHandler)
    __arm_cp.7_4                             0x080030b0   Number         4  usart.o(.text.USART1_IRQHandler)
    [Anonymous Symbol]                       0x080030b4   Section        0  usart.o(.text.USART1_Init)
    __arm_cp.4_0                             0x08003184   Number         4  usart.o(.text.USART1_Init)
    __arm_cp.4_1                             0x08003188   Number         4  usart.o(.text.USART1_Init)
    __arm_cp.4_2                             0x0800318c   Number         4  usart.o(.text.USART1_Init)
    __NVIC_EnableIRQ                         0x08003191   Thumb Code    52  gd32e23x_misc.o(.text.__NVIC_EnableIRQ)
    [Anonymous Symbol]                       0x08003190   Section        0  gd32e23x_misc.o(.text.__NVIC_EnableIRQ)
    __arm_cp.2_0                             0x080031c0   Number         4  gd32e23x_misc.o(.text.__NVIC_EnableIRQ)
    __NVIC_SetPriority                       0x080031c5   Thumb Code   128  systick.o(.text.__NVIC_SetPriority)
    [Anonymous Symbol]                       0x080031c4   Section        0  systick.o(.text.__NVIC_SetPriority)
    __NVIC_SetPriority                       0x08003245   Thumb Code   136  gd32e23x_misc.o(.text.__NVIC_SetPriority)
    [Anonymous Symbol]                       0x08003244   Section        0  gd32e23x_misc.o(.text.__NVIC_SetPriority)
    __arm_cp.1_0                             0x080032c4   Number         4  gd32e23x_misc.o(.text.__NVIC_SetPriority)
    __arm_cp.1_1                             0x080032c8   Number         4  gd32e23x_misc.o(.text.__NVIC_SetPriority)
    [Anonymous Symbol]                       0x080032cc   Section        0  systick.o(.text.delay_1ms)
    [Anonymous Symbol]                       0x080032e8   Section        0  systick.o(.text.delay_decrement)
    __arm_cp.4_0                             0x08003300   Number         4  systick.o(.text.delay_decrement)
    [Anonymous Symbol]                       0x08003304   Section        0  gd32e23x_exti.o(.text.exti_init)
    __arm_cp.1_1                             0x080033d0   Number         4  gd32e23x_exti.o(.text.exti_init)
    __arm_cp.1_2                             0x080033d4   Number         4  gd32e23x_exti.o(.text.exti_init)
    __arm_cp.1_3                             0x080033d8   Number         4  gd32e23x_exti.o(.text.exti_init)
    [Anonymous Symbol]                       0x080033dc   Section        0  gd32e23x_exti.o(.text.exti_interrupt_flag_clear)
    [Anonymous Symbol]                       0x080033ec   Section        0  gd32e23x_exti.o(.text.exti_interrupt_flag_get)
    __arm_cp.8_0                             0x0800342c   Number         4  gd32e23x_exti.o(.text.exti_interrupt_flag_get)
    __arm_cp.8_1                             0x08003430   Number         4  gd32e23x_exti.o(.text.exti_interrupt_flag_get)
    [Anonymous Symbol]                       0x08003434   Section        0  usart.o(.text.fputc)
    __arm_cp.8_0                             0x08003460   Number         4  usart.o(.text.fputc)
    __arm_cp.8_1                             0x08003464   Number         4  usart.o(.text.fputc)
    [Anonymous Symbol]                       0x08003468   Section        0  gd32e23x_gpio.o(.text.gpio_af_set)
    [Anonymous Symbol]                       0x0800352c   Section        0  gd32e23x_gpio.o(.text.gpio_bit_reset)
    [Anonymous Symbol]                       0x0800353c   Section        0  gd32e23x_gpio.o(.text.gpio_bit_set)
    [Anonymous Symbol]                       0x0800354c   Section        0  gd32e23x_gpio.o(.text.gpio_bit_toggle)
    [Anonymous Symbol]                       0x0800355c   Section        0  spi.o(.text.gpio_config)
    [Anonymous Symbol]                       0x0800359a   Section        0  gd32e23x_gpio.o(.text.gpio_input_bit_get)
    [Anonymous Symbol]                       0x080035c4   Section        0  gd32e23x_gpio.o(.text.gpio_mode_set)
    [Anonymous Symbol]                       0x08003654   Section        0  gd32e23x_gpio.o(.text.gpio_output_options_set)
    [Anonymous Symbol]                       0x080036e4   Section        0  main.o(.text.main)
    __arm_cp.0_0                             0x08003960   Number         4  main.o(.text.main)
    __arm_cp.0_1                             0x08003964   Number         4  main.o(.text.main)
    __arm_cp.0_2                             0x08003968   Number         4  main.o(.text.main)
    __arm_cp.0_3                             0x0800396c   Number         4  main.o(.text.main)
    __arm_cp.0_4                             0x08003970   Number         4  main.o(.text.main)
    __arm_cp.0_5                             0x08003974   Number         4  main.o(.text.main)
    __arm_cp.0_6                             0x08003978   Number         4  main.o(.text.main)
    __arm_cp.0_7                             0x0800397c   Number         4  main.o(.text.main)
    __arm_cp.0_8                             0x08003980   Number         4  main.o(.text.main)
    __arm_cp.0_9                             0x08003984   Number         4  main.o(.text.main)
    __arm_cp.0_10                            0x08003988   Number         4  main.o(.text.main)
    __arm_cp.0_11                            0x0800398c   Number         4  main.o(.text.main)
    __arm_cp.0_12                            0x08003990   Number         4  main.o(.text.main)
    __arm_cp.0_13                            0x08003994   Number         4  main.o(.text.main)
    __arm_cp.0_14                            0x08003998   Number         4  main.o(.text.main)
    __arm_cp.0_15                            0x0800399c   Number         4  main.o(.text.main)
    __arm_cp.0_16                            0x080039a0   Number         4  main.o(.text.main)
    __arm_cp.0_17                            0x080039a4   Number         4  main.o(.text.main)
    __arm_cp.0_18                            0x080039a8   Number         4  main.o(.text.main)
    __arm_cp.0_19                            0x080039ac   Number         4  main.o(.text.main)
    __arm_cp.0_20                            0x080039b0   Number         4  main.o(.text.main)
    __arm_cp.0_21                            0x080039b4   Number         4  main.o(.text.main)
    [Anonymous Symbol]                       0x080039b8   Section        0  bh1750.o(.text.mread)
    __arm_cp.8_0                             0x08003a18   Number         4  bh1750.o(.text.mread)
    [Anonymous Symbol]                       0x08003a1c   Section        0  gd32e23x_misc.o(.text.nvic_irq_enable)
    [Anonymous Symbol]                       0x08003a50   Section        0  gd32e23x_misc.o(.text.nvic_vector_table_set)
    __arm_cp.7_0                             0x08003a68   Number         4  gd32e23x_misc.o(.text.nvic_vector_table_set)
    __arm_cp.7_1                             0x08003a6c   Number         4  gd32e23x_misc.o(.text.nvic_vector_table_set)
    [Anonymous Symbol]                       0x08003a70   Section        0  gd32e23x_rcu.o(.text.rcu_clock_freq_get)
    __arm_cp.38_0                            0x08003d50   Number         4  gd32e23x_rcu.o(.text.rcu_clock_freq_get)
    __arm_cp.38_1                            0x08003d54   Number         4  gd32e23x_rcu.o(.text.rcu_clock_freq_get)
    __arm_cp.38_2                            0x08003d58   Number         4  gd32e23x_rcu.o(.text.rcu_clock_freq_get)
    __arm_cp.38_3                            0x08003d5c   Number         4  gd32e23x_rcu.o(.text.rcu_clock_freq_get)
    __arm_cp.38_4                            0x08003d60   Number         4  gd32e23x_rcu.o(.text.rcu_clock_freq_get)
    __arm_cp.38_5                            0x08003d64   Number         4  gd32e23x_rcu.o(.text.rcu_clock_freq_get)
    __arm_cp.38_6                            0x08003d68   Number         4  gd32e23x_rcu.o(.text.rcu_clock_freq_get)
    __arm_cp.38_7                            0x08003d6c   Number         4  gd32e23x_rcu.o(.text.rcu_clock_freq_get)
    __arm_cp.38_8                            0x08003d70   Number         4  gd32e23x_rcu.o(.text.rcu_clock_freq_get)
    [Anonymous Symbol]                       0x08003d74   Section        0  spi.o(.text.rcu_config)
    __arm_cp.0_0                             0x08003d84   Number         4  spi.o(.text.rcu_config)
    __arm_cp.0_1                             0x08003d88   Number         4  spi.o(.text.rcu_config)
    [Anonymous Symbol]                       0x08003d8c   Section        0  gd32e23x_rcu.o(.text.rcu_periph_clock_enable)
    [Anonymous Symbol]                       0x08003db0   Section        0  gd32e23x_rcu.o(.text.rcu_periph_reset_disable)
    [Anonymous Symbol]                       0x08003dd4   Section        0  gd32e23x_rcu.o(.text.rcu_periph_reset_enable)
    __arm_cp.5_0                             0x08003df8   Number         4  gd32e23x_rcu.o(.text.rcu_periph_reset_enable)
    [Anonymous Symbol]                       0x08003dfc   Section        0  bh1750.o(.text.read_BH1750)
    __arm_cp.9_0                             0x08003e7c   Number         4  bh1750.o(.text.read_BH1750)
    __arm_cp.9_1                             0x08003e80   Number         4  bh1750.o(.text.read_BH1750)
    __arm_cp.9_2                             0x08003e84   Number         4  bh1750.o(.text.read_BH1750)
    [Anonymous Symbol]                       0x08003e88   Section        0  spi.o(.text.spi_config)
    [Anonymous Symbol]                       0x08003ed8   Section        0  gd32e23x_spi.o(.text.spi_crc_polynomial_set)
    [Anonymous Symbol]                       0x08003efa   Section        0  gd32e23x_spi.o(.text.spi_enable)
    [Anonymous Symbol]                       0x08003f0c   Section        0  gd32e23x_spi.o(.text.spi_i2s_data_receive)
    [Anonymous Symbol]                       0x08003f5c   Section        0  gd32e23x_spi.o(.text.spi_i2s_data_transmit)
    [Anonymous Symbol]                       0x08003fac   Section        0  gd32e23x_spi.o(.text.spi_i2s_deinit)
    __arm_cp.0_2                             0x08003ff0   Number         4  gd32e23x_spi.o(.text.spi_i2s_deinit)
    [Anonymous Symbol]                       0x08003ff4   Section        0  gd32e23x_spi.o(.text.spi_i2s_flag_get)
    __arm_cp.38_0                            0x08004078   Number         4  gd32e23x_spi.o(.text.spi_i2s_flag_get)
    [Anonymous Symbol]                       0x0800407c   Section        0  gd32e23x_spi.o(.text.spi_init)
    __arm_cp.2_0                             0x080041a8   Number         4  gd32e23x_spi.o(.text.spi_init)
    __arm_cp.2_1                             0x080041ac   Number         4  gd32e23x_spi.o(.text.spi_init)
    [Anonymous Symbol]                       0x080041b0   Section        0  gd32e23x_spi.o(.text.spi_struct_para_init)
    [Anonymous Symbol]                       0x080041d8   Section        0  gd32e23x_syscfg.o(.text.syscfg_exti_line_config)
    __arm_cp.5_0                             0x08004280   Number         4  gd32e23x_syscfg.o(.text.syscfg_exti_line_config)
    __arm_cp.5_1                             0x08004284   Number         4  gd32e23x_syscfg.o(.text.syscfg_exti_line_config)
    __arm_cp.5_2                             0x08004288   Number         4  gd32e23x_syscfg.o(.text.syscfg_exti_line_config)
    __arm_cp.5_3                             0x0800428c   Number         4  gd32e23x_syscfg.o(.text.syscfg_exti_line_config)
    system_clock_72m_irc8m                   0x08004291   Thumb Code   224  system_gd32e23x.o(.text.system_clock_72m_irc8m)
    [Anonymous Symbol]                       0x08004290   Section        0  system_gd32e23x.o(.text.system_clock_72m_irc8m)
    __arm_cp.3_0                             0x0800435c   Number         4  system_gd32e23x.o(.text.system_clock_72m_irc8m)
    __arm_cp.3_1                             0x08004360   Number         4  system_gd32e23x.o(.text.system_clock_72m_irc8m)
    __arm_cp.3_2                             0x08004364   Number         4  system_gd32e23x.o(.text.system_clock_72m_irc8m)
    __arm_cp.3_3                             0x08004368   Number         4  system_gd32e23x.o(.text.system_clock_72m_irc8m)
    __arm_cp.3_4                             0x0800436c   Number         4  system_gd32e23x.o(.text.system_clock_72m_irc8m)
    system_clock_config                      0x08004371   Thumb Code     8  system_gd32e23x.o(.text.system_clock_config)
    [Anonymous Symbol]                       0x08004370   Section        0  system_gd32e23x.o(.text.system_clock_config)
    [Anonymous Symbol]                       0x08004378   Section        0  systick.o(.text.systick_config)
    __arm_cp.0_0                             0x080043a8   Number         4  systick.o(.text.systick_config)
    [Anonymous Symbol]                       0x080043ac   Section        0  gd32e23x_usart.o(.text.usart_baudrate_set)
    __arm_cp.1_2                             0x08004458   Number         4  gd32e23x_usart.o(.text.usart_baudrate_set)
    [Anonymous Symbol]                       0x0800445c   Section        0  gd32e23x_usart.o(.text.usart_data_receive)
    [Anonymous Symbol]                       0x0800446c   Section        0  gd32e23x_usart.o(.text.usart_data_transmit)
    __arm_cp.18_0                            0x08004480   Number         4  gd32e23x_usart.o(.text.usart_data_transmit)
    [Anonymous Symbol]                       0x08004484   Section        0  gd32e23x_usart.o(.text.usart_deinit)
    __arm_cp.0_0                             0x080044c8   Number         4  gd32e23x_usart.o(.text.usart_deinit)
    __arm_cp.0_1                             0x080044cc   Number         4  gd32e23x_usart.o(.text.usart_deinit)
    __arm_cp.0_2                             0x080044d0   Number         4  gd32e23x_usart.o(.text.usart_deinit)
    __arm_cp.0_3                             0x080044d4   Number         4  gd32e23x_usart.o(.text.usart_deinit)
    [Anonymous Symbol]                       0x080044d8   Section        0  gd32e23x_usart.o(.text.usart_enable)
    [Anonymous Symbol]                       0x080044ea   Section        0  gd32e23x_usart.o(.text.usart_flag_get)
    [Anonymous Symbol]                       0x08004524   Section        0  gd32e23x_usart.o(.text.usart_hardware_flow_cts_config)
    [Anonymous Symbol]                       0x0800454e   Section        0  gd32e23x_usart.o(.text.usart_hardware_flow_rts_config)
    [Anonymous Symbol]                       0x08004578   Section        0  gd32e23x_usart.o(.text.usart_interrupt_enable)
    [Anonymous Symbol]                       0x080045a0   Section        0  gd32e23x_usart.o(.text.usart_interrupt_flag_clear)
    __arm_cp.73_0                            0x080045dc   Number         4  gd32e23x_usart.o(.text.usart_interrupt_flag_clear)
    [Anonymous Symbol]                       0x080045e0   Section        0  gd32e23x_usart.o(.text.usart_interrupt_flag_get)
    [Anonymous Symbol]                       0x08004646   Section        0  gd32e23x_usart.o(.text.usart_parity_config)
    [Anonymous Symbol]                       0x08004670   Section        0  gd32e23x_usart.o(.text.usart_receive_config)
    [Anonymous Symbol]                       0x0800468e   Section        0  gd32e23x_usart.o(.text.usart_stop_bit_set)
    [Anonymous Symbol]                       0x080046b8   Section        0  gd32e23x_usart.o(.text.usart_transmit_config)
    [Anonymous Symbol]                       0x080046d6   Section        0  gd32e23x_usart.o(.text.usart_word_length_set)
    i.__0printf                              0x08004700   Section        0  printfa.o(i.__0printf)
    i.__ARM_clz                              0x08004720   Section        0  depilogue.o(i.__ARM_clz)
    i.__ARM_fpclassify                       0x08004750   Section        0  fpclassify.o(i.__ARM_fpclassify)
    i.__kernel_poly                          0x0800477c   Section        0  poly.o(i.__kernel_poly)
    i.__mathlib_dbl_divzero                  0x08004828   Section        0  dunder.o(i.__mathlib_dbl_divzero)
    i.__mathlib_dbl_infnan2                  0x0800483c   Section        0  dunder.o(i.__mathlib_dbl_infnan2)
    i.__mathlib_dbl_invalid                  0x08004844   Section        0  dunder.o(i.__mathlib_dbl_invalid)
    i.__mathlib_dbl_overflow                 0x08004854   Section        0  dunder.o(i.__mathlib_dbl_overflow)
    i.__mathlib_dbl_underflow                0x08004868   Section        0  dunder.o(i.__mathlib_dbl_underflow)
    i.__scatterload_copy                     0x0800487c   Section       14  handlers.o(i.__scatterload_copy)
    i.__scatterload_null                     0x0800488a   Section        2  handlers.o(i.__scatterload_null)
    i.__scatterload_zeroinit                 0x0800488c   Section       14  handlers.o(i.__scatterload_zeroinit)
    i.__set_errno                            0x0800489c   Section        0  errno.o(i.__set_errno)
    _fp_digits                               0x080048a9   Thumb Code   344  printfa.o(i._fp_digits)
    i._fp_digits                             0x080048a8   Section        0  printfa.o(i._fp_digits)
    _printf_core                             0x08004a1d   Thumb Code  1754  printfa.o(i._printf_core)
    i._printf_core                           0x08004a1c   Section        0  printfa.o(i._printf_core)
    _printf_post_padding                     0x08005109   Thumb Code    32  printfa.o(i._printf_post_padding)
    i._printf_post_padding                   0x08005108   Section        0  printfa.o(i._printf_post_padding)
    _printf_pre_padding                      0x08005129   Thumb Code    44  printfa.o(i._printf_pre_padding)
    i._printf_pre_padding                    0x08005128   Section        0  printfa.o(i._printf_pre_padding)
    i.pow                                    0x08005154   Section        0  pow.o(i.pow)
    i.sqrt                                   0x08005b50   Section        0  sqrt.o(i.sqrt)
    bp                                       0x08005b98   Data          16  pow.o(.constdata)
    .constdata                               0x08005b98   Section      136  pow.o(.constdata)
    dp_h                                     0x08005ba8   Data          16  pow.o(.constdata)
    dp_l                                     0x08005bb8   Data          16  pow.o(.constdata)
    L                                        0x08005bc8   Data          48  pow.o(.constdata)
    P                                        0x08005bf8   Data          40  pow.o(.constdata)
    .constdata                               0x08005c20   Section        8  qnan.o(.constdata)
    .L.str                                   0x08005ce0   Data          17  main.o(.rodata.str1.1)
    [Anonymous Symbol]                       0x08005ce0   Section        0  main.o(.rodata.str1.1)
    .L.str.1                                 0x08005cf1   Data          18  main.o(.rodata.str1.1)
    .L.str.9                                 0x08005d03   Data          19  main.o(.rodata.str1.1)
    .L.str.12                                0x08005d16   Data          34  main.o(.rodata.str1.1)
    .L.str.10                                0x08005d38   Data           6  main.o(.rodata.str1.1)
    .L.str.17                                0x08005d3e   Data          35  main.o(.rodata.str1.1)
    .L.str.18                                0x08005d61   Data          42  main.o(.rodata.str1.1)
    .L.str.11                                0x08005d8b   Data          11  main.o(.rodata.str1.1)
    .L.str.16                                0x08005d96   Data          10  main.o(.rodata.str1.1)
    .L.str.15                                0x08005da0   Data          10  main.o(.rodata.str1.1)
    .L.str.14                                0x08005daa   Data          10  main.o(.rodata.str1.1)
    .L.str.13                                0x08005db4   Data          16  main.o(.rodata.str1.1)
    .L.str.2                                 0x08005dc4   Data          15  main.o(.rodata.str1.1)
    .L.str.4                                 0x08005dd3   Data          18  main.o(.rodata.str1.1)
    .L.str.6                                 0x08005de5   Data           9  main.o(.rodata.str1.1)
    .L.str.5                                 0x08005dee   Data          61  main.o(.rodata.str1.1)
    .L.str.7                                 0x08005e2b   Data          10  main.o(.rodata.str1.1)
    .L.str.3                                 0x08005e35   Data          38  main.o(.rodata.str1.1)
    .L.str.19                                0x08005e5b   Data          10  main.o(.rodata.str1.1)
    .L.str.20                                0x08005e65   Data           6  main.o(.rodata.str1.1)
    .L.str.8                                 0x08005e6b   Data          33  main.o(.rodata.str1.1)
    .L.str.3                                 0x08005e8c   Data          26  sx126x_v01.o(.rodata.str1.1)
    [Anonymous Symbol]                       0x08005e8c   Section        0  sx126x_v01.o(.rodata.str1.1)
    .L.str.1                                 0x08005e99   Data          14  sx126x_v01.o(.rodata.str1.1)
    .L.str                                   0x08005ea6   Data          13  sx126x_v01.o(.rodata.str1.1)
    .L.str.4                                 0x08005eb3   Data          14  sx126x_v01.o(.rodata.str1.1)
    .L.str.6                                 0x08005ec1   Data          11  sx126x_v01.o(.rodata.str1.1)
    .L.str.2                                 0x08005ecc   Data          24  sx126x_v01.o(.rodata.str1.1)
    .L.str.5                                 0x08005ee4   Data          32  sx126x_v01.o(.rodata.str1.1)
    .L.str                                   0x08005f04   Data          23  sht3x.o(.rodata.str1.1)
    [Anonymous Symbol]                       0x08005f04   Section        0  sht3x.o(.rodata.str1.1)
    .data                                    0x20000000   Section        4  stdout.o(.data)
    _errno                                   0x20000004   Data           4  errno.o(.data)
    .data                                    0x20000004   Section        4  errno.o(.data)
    RadioPublicNetwork                       0x20000009   Data           2  main.o(.data.RadioPublicNetwork)
    [Anonymous Symbol]                       0x20000009   Section        0  main.o(.data.RadioPublicNetwork)
    RadioPublicNetwork                       0x2000000b   Data           2  sx126x_v01.o(.data.RadioPublicNetwork)
    [Anonymous Symbol]                       0x2000000b   Section        0  sx126x_v01.o(.data.RadioPublicNetwork)
    ImageCalibrated                          0x20000120   Data           1  sx126x_v01.o(.bss.ImageCalibrated)
    [Anonymous Symbol]                       0x20000120   Section        0  sx126x_v01.o(.bss.ImageCalibrated)
    IrqNestLevel                             0x20000121   Data           1  sx126x_v01.o(.bss.IrqNestLevel)
    [Anonymous Symbol]                       0x20000121   Section        0  sx126x_v01.o(.bss.IrqNestLevel)
    OperatingMode                            0x20000122   Data           1  sx126x_v01.o(.bss.OperatingMode)
    [Anonymous Symbol]                       0x20000122   Section        0  sx126x_v01.o(.bss.OperatingMode)
    PacketType                               0x20000123   Data           1  sx126x_v01.o(.bss.PacketType)
    [Anonymous Symbol]                       0x20000123   Section        0  sx126x_v01.o(.bss.PacketType)
    delay                                    0x200005a0   Data           4  systick.o(.bss.delay)
    [Anonymous Symbol]                       0x200005a0   Section        0  systick.o(.bss.delay)
    STACK                                    0x200005a8   Section     1024  startup_gd32e23x.o(STACK)

    Global Symbols

    Symbol Name                              Value     Ov Type        Size  Object(Section)

    BuildAttributes$$THM_ISAv3M$S$8M$PE$A:L22$X:L11$S22$IEEE1$IW$~IW$USESV6$~STKCKD$USESV7$~SHL$OTIME$ROPI$IEEEX$EBA8$MICROLIB$REQ8$PRES8$EABIv2 0x00000000   Number         0  anon$$obj.o ABSOLUTE
    __cpp_initialize__aeabi_                  - Undefined Weak Reference
    __cxa_finalize                            - Undefined Weak Reference
    __decompress                              - Undefined Weak Reference
    _clock_init                               - Undefined Weak Reference
    _microlib_exit                            - Undefined Weak Reference
    __Vectors_Size                           0x000000cc   Number         0  startup_gd32e23x.o ABSOLUTE
    __Vectors                                0x08000000   Data           4  startup_gd32e23x.o(RESET)
    __Vectors_End                            0x080000cc   Data           0  startup_gd32e23x.o(RESET)
    __main                                   0x080000cd   Thumb Code     0  entry.o(.ARM.Collect$$$$00000000)
    _main_stk                                0x080000cd   Thumb Code     0  entry2.o(.ARM.Collect$$$$00000001)
    _main_scatterload                        0x080000d1   Thumb Code     0  entry5.o(.ARM.Collect$$$$00000004)
    __main_after_scatterload                 0x080000d5   Thumb Code     0  entry5.o(.ARM.Collect$$$$00000004)
    _main_clock                              0x080000d5   Thumb Code     0  entry7b.o(.ARM.Collect$$$$00000008)
    _main_cpp_init                           0x080000d5   Thumb Code     0  entry8b.o(.ARM.Collect$$$$0000000A)
    _main_init                               0x080000d5   Thumb Code     0  entry9a.o(.ARM.Collect$$$$0000000B)
    __rt_final_cpp                           0x080000dd   Thumb Code     0  entry10a.o(.ARM.Collect$$$$0000000D)
    __rt_final_exit                          0x080000dd   Thumb Code     0  entry11a.o(.ARM.Collect$$$$0000000F)
    Reset_Handler                            0x080000e1   Thumb Code     8  startup_gd32e23x.o(.text)
    ADC_CMP_IRQHandler                       0x080000f3   Thumb Code     0  startup_gd32e23x.o(.text)
    DMA_Channel0_IRQHandler                  0x080000f3   Thumb Code     0  startup_gd32e23x.o(.text)
    DMA_Channel1_2_IRQHandler                0x080000f3   Thumb Code     0  startup_gd32e23x.o(.text)
    DMA_Channel3_4_IRQHandler                0x080000f3   Thumb Code     0  startup_gd32e23x.o(.text)
    EXTI0_1_IRQHandler                       0x080000f3   Thumb Code     0  startup_gd32e23x.o(.text)
    EXTI4_15_IRQHandler                      0x080000f3   Thumb Code     0  startup_gd32e23x.o(.text)
    FMC_IRQHandler                           0x080000f3   Thumb Code     0  startup_gd32e23x.o(.text)
    I2C0_ER_IRQHandler                       0x080000f3   Thumb Code     0  startup_gd32e23x.o(.text)
    I2C0_EV_IRQHandler                       0x080000f3   Thumb Code     0  startup_gd32e23x.o(.text)
    I2C1_ER_IRQHandler                       0x080000f3   Thumb Code     0  startup_gd32e23x.o(.text)
    I2C1_EV_IRQHandler                       0x080000f3   Thumb Code     0  startup_gd32e23x.o(.text)
    LVD_IRQHandler                           0x080000f3   Thumb Code     0  startup_gd32e23x.o(.text)
    RCU_IRQHandler                           0x080000f3   Thumb Code     0  startup_gd32e23x.o(.text)
    RTC_IRQHandler                           0x080000f3   Thumb Code     0  startup_gd32e23x.o(.text)
    SPI0_IRQHandler                          0x080000f3   Thumb Code     0  startup_gd32e23x.o(.text)
    SPI1_IRQHandler                          0x080000f3   Thumb Code     0  startup_gd32e23x.o(.text)
    TIMER0_BRK_UP_TRG_COM_IRQHandler         0x080000f3   Thumb Code     0  startup_gd32e23x.o(.text)
    TIMER0_Channel_IRQHandler                0x080000f3   Thumb Code     0  startup_gd32e23x.o(.text)
    TIMER13_IRQHandler                       0x080000f3   Thumb Code     0  startup_gd32e23x.o(.text)
    TIMER14_IRQHandler                       0x080000f3   Thumb Code     0  startup_gd32e23x.o(.text)
    TIMER15_IRQHandler                       0x080000f3   Thumb Code     0  startup_gd32e23x.o(.text)
    TIMER16_IRQHandler                       0x080000f3   Thumb Code     0  startup_gd32e23x.o(.text)
    TIMER2_IRQHandler                        0x080000f3   Thumb Code     0  startup_gd32e23x.o(.text)
    TIMER5_IRQHandler                        0x080000f3   Thumb Code     0  startup_gd32e23x.o(.text)
    WWDGT_IRQHandler                         0x080000f3   Thumb Code     0  startup_gd32e23x.o(.text)
    __aeabi_memcpy                           0x080000fd   Thumb Code    36  memcpya.o(.text)
    __aeabi_memcpy4                          0x080000fd   Thumb Code     0  memcpya.o(.text)
    __aeabi_memcpy8                          0x080000fd   Thumb Code     0  memcpya.o(.text)
    __aeabi_memset                           0x08000121   Thumb Code    14  memseta.o(.text)
    __aeabi_memset4                          0x08000121   Thumb Code     0  memseta.o(.text)
    __aeabi_memset8                          0x08000121   Thumb Code     0  memseta.o(.text)
    __aeabi_memclr                           0x0800012f   Thumb Code     4  memseta.o(.text)
    __aeabi_memclr4                          0x0800012f   Thumb Code     0  memseta.o(.text)
    __aeabi_memclr8                          0x0800012f   Thumb Code     0  memseta.o(.text)
    _memset$wrapper                          0x08000133   Thumb Code    18  memseta.o(.text)
    __aeabi_dadd                             0x08000145   Thumb Code   328  dadd.o(.text)
    __aeabi_dsub                             0x0800028d   Thumb Code    12  dadd.o(.text)
    __aeabi_drsub                            0x08000299   Thumb Code    12  dadd.o(.text)
    __aeabi_dmul                             0x080002a9   Thumb Code   202  dmul.o(.text)
    __aeabi_ddiv                             0x08000379   Thumb Code   234  ddiv.o(.text)
    __aeabi_dcmplt                           0x08000469   Thumb Code    44  dcmplt.o(.text)
    __aeabi_dcmpgt                           0x08000495   Thumb Code    44  dcmpgt.o(.text)
    __aeabi_i2f                              0x080004c1   Thumb Code    22  fflti.o(.text)
    __aeabi_i2d                              0x080004d9   Thumb Code    34  dflti.o(.text)
    __aeabi_ui2d                             0x08000501   Thumb Code    24  dfltui.o(.text)
    __aeabi_f2iz                             0x0800051d   Thumb Code    50  ffixi.o(.text)
    __aeabi_d2uiz                            0x08000551   Thumb Code    50  dfixui.o(.text)
    __aeabi_d2f                              0x0800058d   Thumb Code    56  d2f.o(.text)
    __aeabi_uidiv                            0x080005c5   Thumb Code     0  uidiv.o(.text)
    __aeabi_uidivmod                         0x080005c5   Thumb Code    44  uidiv.o(.text)
    __aeabi_uldivmod                         0x080005f1   Thumb Code    96  uldiv.o(.text)
    __aeabi_llsl                             0x08000651   Thumb Code    32  llshl.o(.text)
    _ll_shift_l                              0x08000651   Thumb Code     0  llshl.o(.text)
    __aeabi_llsr                             0x08000671   Thumb Code    34  llushr.o(.text)
    _ll_ushift_r                             0x08000671   Thumb Code     0  llushr.o(.text)
    __aeabi_lasr                             0x08000693   Thumb Code    38  llsshr.o(.text)
    _ll_sshift_r                             0x08000693   Thumb Code     0  llsshr.o(.text)
    __I$use$fp                               0x080006b9   Thumb Code     0  iusefp.o(.text)
    _float_round                             0x080006b9   Thumb Code    16  fepilogue.o(.text)
    _float_epilogue                          0x080006c9   Thumb Code   114  fepilogue.o(.text)
    _double_round                            0x0800073b   Thumb Code    26  depilogue.o(.text)
    _double_epilogue                         0x08000755   Thumb Code   164  depilogue.o(.text)
    __ARM_scalbn                             0x080007f9   Thumb Code    44  dscalb.o(.text)
    scalbn                                   0x080007f9   Thumb Code     0  dscalb.o(.text)
    __aeabi_d2ulz                            0x08000825   Thumb Code    54  dfixul.o(.text)
    __aeabi_cdrcmple                         0x08000865   Thumb Code    38  cdrcmple.o(.text)
    __scatterload                            0x0800088d   Thumb Code    28  init.o(.text)
    __scatterload_rt2                        0x0800088d   Thumb Code     0  init.o(.text)
    _dsqrt                                   0x080008b1   Thumb Code   162  dsqrt.o(.text)
    BH1750_RecvACK                           0x08000955   Thumb Code   128  bh1750.o(.text.BH1750_RecvACK)
    BH1750_RecvByte                          0x080009d5   Thumb Code   180  bh1750.o(.text.BH1750_RecvByte)
    BH1750_SendACK                           0x08000a89   Thumb Code   116  bh1750.o(.text.BH1750_SendACK)
    BH1750_SendByte                          0x08000afd   Thumb Code   124  bh1750.o(.text.BH1750_SendByte)
    BH1750_Start                             0x08000b79   Thumb Code    64  bh1750.o(.text.BH1750_Start)
    BH1750_Stop                              0x08000bb9   Thumb Code    56  bh1750.o(.text.BH1750_Stop)
    BoardDisableIrq                          0x08000bf1   Thumb Code    24  sx126x_v01.o(.text.BoardDisableIrq)
    BoardEnableIrq                           0x08000c09   Thumb Code    28  sx126x_v01.o(.text.BoardEnableIrq)
    CheckCrc8                                0x08000c25   Thumb Code   144  sht3x.o(.text.CheckCrc8)
    Delay_ms                                 0x08000cb5   Thumb Code    52  delay.o(.text.Delay_ms)
    Delay_us                                 0x08000ce9   Thumb Code    48  delay.o(.text.Delay_us)
    EXTI2_3_IRQHandler                       0x08000d19   Thumb Code    36  gd32e23x_it.o(.text.EXTI2_3_IRQHandler)
    HW_SPI_InOut                             0x08000d3d   Thumb Code    72  sx126x_v01.o(.text.HW_SPI_InOut)
    HardFault_Handler                        0x08000d85   Thumb Code     4  gd32e23x_it.o(.text.HardFault_Handler)
    IIC_ACK                                  0x08000d89   Thumb Code   110  soft_i2c.o(.text.IIC_ACK)
    IIC_Init                                 0x08000df9   Thumb Code    60  soft_i2c.o(.text.IIC_Init)
    IIC_NACK                                 0x08000e35   Thumb Code   110  soft_i2c.o(.text.IIC_NACK)
    IIC_RcvByte                              0x08000ea3   Thumb Code   156  soft_i2c.o(.text.IIC_RcvByte)
    IIC_SendByte                             0x08000f3f   Thumb Code   188  soft_i2c.o(.text.IIC_SendByte)
    IIC_Start                                0x08000ffb   Thumb Code    96  soft_i2c.o(.text.IIC_Start)
    IIC_Stop                                 0x0800105b   Thumb Code   102  soft_i2c.o(.text.IIC_Stop)
    IIC_Wait_Ack                             0x080010c1   Thumb Code   228  soft_i2c.o(.text.IIC_Wait_Ack)
    Init_BH1750                              0x080011a5   Thumb Code    60  bh1750.o(.text.Init_BH1750)
    NMI_Handler                              0x080012c9   Thumb Code     2  gd32e23x_it.o(.text.NMI_Handler)
    OnRxDone                                 0x080012cd   Thumb Code   172  main.o(.text.OnRxDone)
    OnTxDone                                 0x08001379   Thumb Code    32  main.o(.text.OnTxDone)
    PendSV_Handler                           0x08001399   Thumb Code     2  gd32e23x_it.o(.text.PendSV_Handler)
    RadioInit                                0x08001439   Thumb Code    72  sx126x_v01.o(.text.RadioInit)
    RadioSend                                0x08001481   Thumb Code   108  sx126x_v01.o(.text.RadioSend)
    RadioSetModem                            0x080014ed   Thumb Code   100  sx126x_v01.o(.text.RadioSetModem)
    RadioSetPublicNetwork                    0x08001551   Thumb Code    96  sx126x_v01.o(.text.RadioSetPublicNetwork)
    RadioSetRxConfig                         0x080015b1   Thumb Code   732  sx126x_v01.o(.text.RadioSetRxConfig)
    RadioSetTxConfig                         0x0800188d   Thumb Code   552  sx126x_v01.o(.text.RadioSetTxConfig)
    RadioStandby                             0x08001ab5   Thumb Code    10  sx126x_v01.o(.text.RadioStandby)
    SHT3x_Get_Humiture_periodic              0x08001ac1   Thumb Code   376  sht3x.o(.text.SHT3x_Get_Humiture_periodic)
    SHT3x_Init                               0x08001c39   Thumb Code    40  sht3x.o(.text.SHT3x_Init)
    SHT3x_reset                              0x08001d49   Thumb Code    28  sht3x.o(.text.SHT3x_reset)
    SVC_Handler                              0x08001d65   Thumb Code     2  gd32e23x_it.o(.text.SVC_Handler)
    SX126xAntSwOn                            0x08001d67   Thumb Code    14  sx126x_v01.o(.text.SX126xAntSwOn)
    SX126xCalibrateImage                     0x08001d75   Thumb Code   276  sx126x_v01.o(.text.SX126xCalibrateImage)
    SX126xCheckDeviceReady                   0x08001e89   Thumb Code    38  sx126x_v01.o(.text.SX126xCheckDeviceReady)
    SX126xClearIrqStatus                     0x08001eaf   Thumb Code    38  sx126x_v01.o(.text.SX126xClearIrqStatus)
    SX126xGetIrqStatus                       0x08001ed5   Thumb Code    30  sx126x_v01.o(.text.SX126xGetIrqStatus)
    SX126xGetOperatingMode                   0x08001ef5   Thumb Code     8  sx126x_v01.o(.text.SX126xGetOperatingMode)
    SX126xGetPaSelect                        0x08001efd   Thumb Code    28  sx126x_v01.o(.text.SX126xGetPaSelect)
    SX126xGetPacketStatus                    0x08001f19   Thumb Code   192  sx126x_v01.o(.text.SX126xGetPacketStatus)
    SX126xGetPacketType                      0x08001fd9   Thumb Code    12  sx126x_v01.o(.text.SX126xGetPacketType)
    SX126xGetPayload                         0x08001fe5   Thumb Code    84  sx126x_v01.o(.text.SX126xGetPayload)
    SX126xGetRxBufferStatus                  0x08002039   Thumb Code    84  sx126x_v01.o(.text.SX126xGetRxBufferStatus)
    SX126xGetStatus                          0x0800208d   Thumb Code    36  sx126x_v01.o(.text.SX126xGetStatus)
    SX126xInit                               0x080020b1   Thumb Code    40  sx126x_v01.o(.text.SX126xInit)
    SX126xOnDio1Irq                          0x080020d9   Thumb Code   280  main.o(.text.SX126xOnDio1Irq)
    SX126xReadBuffer                         0x080021f1   Thumb Code   134  sx126x_v01.o(.text.SX126xReadBuffer)
    SX126xReadCommand                        0x08002277   Thumb Code   124  sx126x_v01.o(.text.SX126xReadCommand)
    SX126xReadRegister                       0x080022f3   Thumb Code    36  sx126x_v01.o(.text.SX126xReadRegister)
    SX126xReadRegisters                      0x08002317   Thumb Code   146  sx126x_v01.o(.text.SX126xReadRegisters)
    SX126xReset                              0x080023a9   Thumb Code    52  sx126x_v01.o(.text.SX126xReset)
    SX126xSendPayload                        0x080023dd   Thumb Code    40  sx126x_v01.o(.text.SX126xSendPayload)
    SX126xSetBufferBaseAddress               0x08002405   Thumb Code    44  sx126x_v01.o(.text.SX126xSetBufferBaseAddress)
    SX126xSetCrcPolynomial                   0x08002431   Thumb Code    56  sx126x_v01.o(.text.SX126xSetCrcPolynomial)
    SX126xSetCrcSeed                         0x08002469   Thumb Code    56  sx126x_v01.o(.text.SX126xSetCrcSeed)
    SX126xSetDio2AsRfSwitchCtrl              0x080024a1   Thumb Code    28  sx126x_v01.o(.text.SX126xSetDio2AsRfSwitchCtrl)
    SX126xSetDioIrqParams                    0x080024bd   Thumb Code   110  sx126x_v01.o(.text.SX126xSetDioIrqParams)
    SX126xSetLoRaSymbNumTimeout              0x0800252b   Thumb Code    28  sx126x_v01.o(.text.SX126xSetLoRaSymbNumTimeout)
    SX126xSetModulationParams                0x08002549   Thumb Code   540  sx126x_v01.o(.text.SX126xSetModulationParams)
    SX126xSetPaConfig                        0x08002765   Thumb Code    84  sx126x_v01.o(.text.SX126xSetPaConfig)
    SX126xSetPacketParams                    0x080027b9   Thumb Code   292  sx126x_v01.o(.text.SX126xSetPacketParams)
    SX126xSetPacketType                      0x080028dd   Thumb Code    56  sx126x_v01.o(.text.SX126xSetPacketType)
    SX126xSetPayload                         0x08002915   Thumb Code    36  sx126x_v01.o(.text.SX126xSetPayload)
    SX126xSetRegulatorMode                   0x08002939   Thumb Code    28  sx126x_v01.o(.text.SX126xSetRegulatorMode)
    SX126xSetRfFrequency                     0x08002955   Thumb Code   184  sx126x_v01.o(.text.SX126xSetRfFrequency)
    SX126xSetRfTxPower                       0x08002a0d   Thumb Code    28  sx126x_v01.o(.text.SX126xSetRfTxPower)
    SX126xSetStandby                         0x08002a29   Thumb Code    56  sx126x_v01.o(.text.SX126xSetStandby)
    SX126xSetStopRxTimerOnPreambleDetect     0x08002a61   Thumb Code    28  sx126x_v01.o(.text.SX126xSetStopRxTimerOnPreambleDetect)
    SX126xSetSyncWord                        0x08002a7d   Thumb Code    24  sx126x_v01.o(.text.SX126xSetSyncWord)
    SX126xSetTx                              0x08002a95   Thumb Code    48  sx126x_v01.o(.text.SX126xSetTx)
    SX126xSetTxParams                        0x08002ac5   Thumb Code   228  sx126x_v01.o(.text.SX126xSetTxParams)
    SX126xSetWhiteningSeed                   0x08002ba9   Thumb Code    88  sx126x_v01.o(.text.SX126xSetWhiteningSeed)
    SX126xWaitOnBusy                         0x08002c01   Thumb Code    28  sx126x_v01.o(.text.SX126xWaitOnBusy)
    SX126xWakeup                             0x08002c1d   Thumb Code    62  sx126x_v01.o(.text.SX126xWakeup)
    SX126xWriteBuffer                        0x08002c5b   Thumb Code   120  sx126x_v01.o(.text.SX126xWriteBuffer)
    SX126xWriteCommand                       0x08002cd3   Thumb Code   132  sx126x_v01.o(.text.SX126xWriteCommand)
    SX126xWriteRegister                      0x08002d57   Thumb Code    40  sx126x_v01.o(.text.SX126xWriteRegister)
    SX126xWriteRegisters                     0x08002d7f   Thumb Code   132  sx126x_v01.o(.text.SX126xWriteRegisters)
    Single_Write_BH1750                      0x08002e03   Thumb Code    40  bh1750.o(.text.Single_Write_BH1750)
    SysTick_Handler                          0x08002e81   Thumb Code     8  gd32e23x_it.o(.text.SysTick_Handler)
    SystemInit                               0x08002e89   Thumb Code   172  system_gd32e23x.o(.text.SystemInit)
    USART0_IRQHandler                        0x08002f35   Thumb Code    76  usart.o(.text.USART0_IRQHandler)
    USART0_Init                              0x08002f81   Thumb Code   220  usart.o(.text.USART0_Init)
    USART1_IRQHandler                        0x0800305d   Thumb Code    88  usart.o(.text.USART1_IRQHandler)
    USART1_Init                              0x080030b5   Thumb Code   220  usart.o(.text.USART1_Init)
    delay_1ms                                0x080032cd   Thumb Code    28  systick.o(.text.delay_1ms)
    delay_decrement                          0x080032e9   Thumb Code    28  systick.o(.text.delay_decrement)
    exti_init                                0x08003305   Thumb Code   216  gd32e23x_exti.o(.text.exti_init)
    exti_interrupt_flag_clear                0x080033dd   Thumb Code    16  gd32e23x_exti.o(.text.exti_interrupt_flag_clear)
    exti_interrupt_flag_get                  0x080033ed   Thumb Code    72  gd32e23x_exti.o(.text.exti_interrupt_flag_get)
    fputc                                    0x08003435   Thumb Code    52  usart.o(.text.fputc)
    gpio_af_set                              0x08003469   Thumb Code   196  gd32e23x_gpio.o(.text.gpio_af_set)
    gpio_bit_reset                           0x0800352d   Thumb Code    16  gd32e23x_gpio.o(.text.gpio_bit_reset)
    gpio_bit_set                             0x0800353d   Thumb Code    16  gd32e23x_gpio.o(.text.gpio_bit_set)
    gpio_bit_toggle                          0x0800354d   Thumb Code    16  gd32e23x_gpio.o(.text.gpio_bit_toggle)
    gpio_config                              0x0800355d   Thumb Code    62  spi.o(.text.gpio_config)
    gpio_input_bit_get                       0x0800359b   Thumb Code    42  gd32e23x_gpio.o(.text.gpio_input_bit_get)
    gpio_mode_set                            0x080035c5   Thumb Code   144  gd32e23x_gpio.o(.text.gpio_mode_set)
    gpio_output_options_set                  0x08003655   Thumb Code   142  gd32e23x_gpio.o(.text.gpio_output_options_set)
    main                                     0x080036e5   Thumb Code   724  main.o(.text.main)
    mread                                    0x080039b9   Thumb Code   100  bh1750.o(.text.mread)
    nvic_irq_enable                          0x08003a1d   Thumb Code    52  gd32e23x_misc.o(.text.nvic_irq_enable)
    nvic_vector_table_set                    0x08003a51   Thumb Code    32  gd32e23x_misc.o(.text.nvic_vector_table_set)
    rcu_clock_freq_get                       0x08003a71   Thumb Code   772  gd32e23x_rcu.o(.text.rcu_clock_freq_get)
    rcu_config                               0x08003d75   Thumb Code    24  spi.o(.text.rcu_config)
    rcu_periph_clock_enable                  0x08003d8d   Thumb Code    36  gd32e23x_rcu.o(.text.rcu_periph_clock_enable)
    rcu_periph_reset_disable                 0x08003db1   Thumb Code    36  gd32e23x_rcu.o(.text.rcu_periph_reset_disable)
    rcu_periph_reset_enable                  0x08003dd5   Thumb Code    40  gd32e23x_rcu.o(.text.rcu_periph_reset_enable)
    read_BH1750                              0x08003dfd   Thumb Code   140  bh1750.o(.text.read_BH1750)
    spi_config                               0x08003e89   Thumb Code    80  spi.o(.text.spi_config)
    spi_crc_polynomial_set                   0x08003ed9   Thumb Code    34  gd32e23x_spi.o(.text.spi_crc_polynomial_set)
    spi_enable                               0x08003efb   Thumb Code    18  gd32e23x_spi.o(.text.spi_enable)
    spi_i2s_data_receive                     0x08003f0d   Thumb Code    80  gd32e23x_spi.o(.text.spi_i2s_data_receive)
    spi_i2s_data_transmit                    0x08003f5d   Thumb Code    80  gd32e23x_spi.o(.text.spi_i2s_data_transmit)
    spi_i2s_deinit                           0x08003fad   Thumb Code    72  gd32e23x_spi.o(.text.spi_i2s_deinit)
    spi_i2s_flag_get                         0x08003ff5   Thumb Code   136  gd32e23x_spi.o(.text.spi_i2s_flag_get)
    spi_init                                 0x0800407d   Thumb Code   308  gd32e23x_spi.o(.text.spi_init)
    spi_struct_para_init                     0x080041b1   Thumb Code    38  gd32e23x_spi.o(.text.spi_struct_para_init)
    syscfg_exti_line_config                  0x080041d9   Thumb Code   184  gd32e23x_syscfg.o(.text.syscfg_exti_line_config)
    systick_config                           0x08004379   Thumb Code    52  systick.o(.text.systick_config)
    usart_baudrate_set                       0x080043ad   Thumb Code   176  gd32e23x_usart.o(.text.usart_baudrate_set)
    usart_data_receive                       0x0800445d   Thumb Code    16  gd32e23x_usart.o(.text.usart_data_receive)
    usart_data_transmit                      0x0800446d   Thumb Code    24  gd32e23x_usart.o(.text.usart_data_transmit)
    usart_deinit                             0x08004485   Thumb Code    84  gd32e23x_usart.o(.text.usart_deinit)
    usart_enable                             0x080044d9   Thumb Code    18  gd32e23x_usart.o(.text.usart_enable)
    usart_flag_get                           0x080044eb   Thumb Code    58  gd32e23x_usart.o(.text.usart_flag_get)
    usart_hardware_flow_cts_config           0x08004525   Thumb Code    42  gd32e23x_usart.o(.text.usart_hardware_flow_cts_config)
    usart_hardware_flow_rts_config           0x0800454f   Thumb Code    42  gd32e23x_usart.o(.text.usart_hardware_flow_rts_config)
    usart_interrupt_enable                   0x08004579   Thumb Code    38  gd32e23x_usart.o(.text.usart_interrupt_enable)
    usart_interrupt_flag_clear               0x080045a1   Thumb Code    64  gd32e23x_usart.o(.text.usart_interrupt_flag_clear)
    usart_interrupt_flag_get                 0x080045e1   Thumb Code   102  gd32e23x_usart.o(.text.usart_interrupt_flag_get)
    usart_parity_config                      0x08004647   Thumb Code    42  gd32e23x_usart.o(.text.usart_parity_config)
    usart_receive_config                     0x08004671   Thumb Code    30  gd32e23x_usart.o(.text.usart_receive_config)
    usart_stop_bit_set                       0x0800468f   Thumb Code    42  gd32e23x_usart.o(.text.usart_stop_bit_set)
    usart_transmit_config                    0x080046b9   Thumb Code    30  gd32e23x_usart.o(.text.usart_transmit_config)
    usart_word_length_set                    0x080046d7   Thumb Code    42  gd32e23x_usart.o(.text.usart_word_length_set)
    __0printf                                0x08004701   Thumb Code    24  printfa.o(i.__0printf)
    __1printf                                0x08004701   Thumb Code     0  printfa.o(i.__0printf)
    __2printf                                0x08004701   Thumb Code     0  printfa.o(i.__0printf)
    __c89printf                              0x08004701   Thumb Code     0  printfa.o(i.__0printf)
    printf                                   0x08004701   Thumb Code     0  printfa.o(i.__0printf)
    __ARM_clz                                0x08004721   Thumb Code    46  depilogue.o(i.__ARM_clz)
    __ARM_fpclassify                         0x08004751   Thumb Code    40  fpclassify.o(i.__ARM_fpclassify)
    __kernel_poly                            0x0800477d   Thumb Code   172  poly.o(i.__kernel_poly)
    __mathlib_dbl_divzero                    0x08004829   Thumb Code    16  dunder.o(i.__mathlib_dbl_divzero)
    __mathlib_dbl_infnan2                    0x0800483d   Thumb Code     8  dunder.o(i.__mathlib_dbl_infnan2)
    __mathlib_dbl_invalid                    0x08004845   Thumb Code    16  dunder.o(i.__mathlib_dbl_invalid)
    __mathlib_dbl_overflow                   0x08004855   Thumb Code    16  dunder.o(i.__mathlib_dbl_overflow)
    __mathlib_dbl_underflow                  0x08004869   Thumb Code    14  dunder.o(i.__mathlib_dbl_underflow)
    __scatterload_copy                       0x0800487d   Thumb Code    14  handlers.o(i.__scatterload_copy)
    __scatterload_null                       0x0800488b   Thumb Code     2  handlers.o(i.__scatterload_null)
    __scatterload_zeroinit                   0x0800488d   Thumb Code    14  handlers.o(i.__scatterload_zeroinit)
    __set_errno                              0x0800489d   Thumb Code     6  errno.o(i.__set_errno)
    pow                                      0x08005155   Thumb Code  2548  pow.o(i.pow)
    sqrt                                     0x08005b51   Thumb Code    66  sqrt.o(i.sqrt)
    __mathlib_zero                           0x08005c20   Data           8  qnan.o(.constdata)
    Bandwidths                               0x08005c28   Data           7  sx126x_v01.o(.rodata.Bandwidths)
    FskBandwidths                            0x08005c30   Data         176  sx126x_v01.o(.rodata.FskBandwidths)
    Region$$Table$$Base                      0x08005f1c   Number         0  anon$$obj.o(Region$$Table)
    Region$$Table$$Limit                     0x08005f3c   Number         0  anon$$obj.o(Region$$Table)
    __stdout                                 0x20000000   Data           4  stdout.o(.data)
    MaxPayloadLength                         0x20000008   Data           1  sx126x_v01.o(.data.MaxPayloadLength)
    RxContinuous                             0x2000000d   Data           1  sx126x_v01.o(.data.RxContinuous)
    SystemCoreClock                          0x20000010   Data           4  system_gd32e23x.o(.data.SystemCoreClock)
    addr                                     0x20000014   Data           1  sht3x.o(.data.addr)
    BUF                                      0x20000018   Data           8  bh1750.o(.bss.BUF)
    Buffer                                   0x20000020   Data         250  main.o(.bss.Buffer)
    CRCFail                                  0x2000011a   Data           1  main.o(.bss.CRCFail)
    FrequencyError                           0x2000011c   Data           4  sx126x_v01.o(.bss.FrequencyError)
    RXDoneFlag                               0x20000124   Data           1  main.o(.bss.RXDoneFlag)
    RadioPktStatus                           0x20000128   Data          20  main.o(.bss.RadioPktStatus)
    RadioRxPacketSize                        0x2000013c   Data           1  main.o(.bss.RadioRxPacketSize)
    RadioRxPayload                           0x2000013d   Data         255  main.o(.bss.RadioRxPayload)
    RxTimeout                                0x2000023c   Data           4  sx126x_v01.o(.bss.RxTimeout)
    SX126x                                   0x20000240   Data          60  sx126x_v01.o(.bss.SX126x)
    TXDone                                   0x2000027c   Data           1  main.o(.bss.TXDone)
    TimeOutFlag                              0x2000027d   Data           1  main.o(.bss.TimeOutFlag)
    USART0_RECEIVE_Buf                       0x20000280   Data         400  main.o(.bss.USART0_RECEIVE_Buf)
    USART1_RECEIVE_Buf                       0x20000410   Data         400  main.o(.bss.USART1_RECEIVE_Buf)
    mcy                                      0x200005a4   Data           4  bh1750.o(.bss.mcy)
    __initial_sp                             0x200009a8   Data           0  startup_gd32e23x.o(STACK)



==============================================================================

Memory Map of the image

  Image Entry point : 0x080000cd

  Load Region LR_IROM1 (Base: 0x08000000, Size: 0x00005f58, Max: 0x00010000, ABSOLUTE)

    Execution Region ER_IROM1 (Exec base: 0x08000000, Load base: 0x08000000, Size: 0x00005f3c, Max: 0x00010000, ABSOLUTE)

    Exec Addr    Load Addr    Size         Type   Attr      Idx    E Section Name        Object

    0x08000000   0x08000000   0x000000cc   Data   RO         1510    RESET               startup_gd32e23x.o
    0x080000cc   0x080000cc   0x00000000   Code   RO         1527  * .ARM.Collect$$$$00000000  mc_p.l(entry.o)
    0x080000cc   0x080000cc   0x00000004   Code   RO         1613    .ARM.Collect$$$$00000001  mc_p.l(entry2.o)
    0x080000d0   0x080000d0   0x00000004   Code   RO         1616    .ARM.Collect$$$$00000004  mc_p.l(entry5.o)
    0x080000d4   0x080000d4   0x00000000   Code   RO         1618    .ARM.Collect$$$$00000008  mc_p.l(entry7b.o)
    0x080000d4   0x080000d4   0x00000000   Code   RO         1620    .ARM.Collect$$$$0000000A  mc_p.l(entry8b.o)
    0x080000d4   0x080000d4   0x00000008   Code   RO         1621    .ARM.Collect$$$$0000000B  mc_p.l(entry9a.o)
    0x080000dc   0x080000dc   0x00000000   Code   RO         1623    .ARM.Collect$$$$0000000D  mc_p.l(entry10a.o)
    0x080000dc   0x080000dc   0x00000000   Code   RO         1625    .ARM.Collect$$$$0000000F  mc_p.l(entry11a.o)
    0x080000dc   0x080000dc   0x00000004   Code   RO         1614    .ARM.Collect$$$$00002712  mc_p.l(entry2.o)
    0x080000e0   0x080000e0   0x0000001c   Code   RO         1511    .text               startup_gd32e23x.o
    0x080000fc   0x080000fc   0x00000024   Code   RO         1530    .text               mc_p.l(memcpya.o)
    0x08000120   0x08000120   0x00000024   Code   RO         1532    .text               mc_p.l(memseta.o)
    0x08000144   0x08000144   0x00000164   Code   RO         1564    .text               mf_p.l(dadd.o)
    0x080002a8   0x080002a8   0x000000d0   Code   RO         1566    .text               mf_p.l(dmul.o)
    0x08000378   0x08000378   0x000000f0   Code   RO         1568    .text               mf_p.l(ddiv.o)
    0x08000468   0x08000468   0x0000002c   Code   RO         1570    .text               mf_p.l(dcmplt.o)
    0x08000494   0x08000494   0x0000002c   Code   RO         1572    .text               mf_p.l(dcmpgt.o)
    0x080004c0   0x080004c0   0x00000016   Code   RO         1574    .text               mf_p.l(fflti.o)
    0x080004d6   0x080004d6   0x00000002   PAD
    0x080004d8   0x080004d8   0x00000028   Code   RO         1576    .text               mf_p.l(dflti.o)
    0x08000500   0x08000500   0x0000001c   Code   RO         1578    .text               mf_p.l(dfltui.o)
    0x0800051c   0x0800051c   0x00000032   Code   RO         1580    .text               mf_p.l(ffixi.o)
    0x0800054e   0x0800054e   0x00000002   PAD
    0x08000550   0x08000550   0x0000003c   Code   RO         1582    .text               mf_p.l(dfixui.o)
    0x0800058c   0x0800058c   0x00000038   Code   RO         1584    .text               mf_p.l(d2f.o)
    0x080005c4   0x080005c4   0x0000002c   Code   RO         1628    .text               mc_p.l(uidiv.o)
    0x080005f0   0x080005f0   0x00000060   Code   RO         1630    .text               mc_p.l(uldiv.o)
    0x08000650   0x08000650   0x00000020   Code   RO         1632    .text               mc_p.l(llshl.o)
    0x08000670   0x08000670   0x00000022   Code   RO         1634    .text               mc_p.l(llushr.o)
    0x08000692   0x08000692   0x00000026   Code   RO         1636    .text               mc_p.l(llsshr.o)
    0x080006b8   0x080006b8   0x00000000   Code   RO         1645    .text               mc_p.l(iusefp.o)
    0x080006b8   0x080006b8   0x00000082   Code   RO         1646    .text               mf_p.l(fepilogue.o)
    0x0800073a   0x0800073a   0x000000be   Code   RO         1648    .text               mf_p.l(depilogue.o)
    0x080007f8   0x080007f8   0x0000002c   Code   RO         1652    .text               mf_p.l(dscalb.o)
    0x08000824   0x08000824   0x00000040   Code   RO         1654    .text               mf_p.l(dfixul.o)
    0x08000864   0x08000864   0x00000028   Code   RO         1656    .text               mf_p.l(cdrcmple.o)
    0x0800088c   0x0800088c   0x00000024   Code   RO         1658    .text               mc_p.l(init.o)
    0x080008b0   0x080008b0   0x000000a2   Code   RO         1660    .text               mf_p.l(dsqrt.o)
    0x08000952   0x08000952   0x00000002   PAD
    0x08000954   0x08000954   0x00000080   Code   RO          287    .text.BH1750_RecvACK  bh1750.o
    0x080009d4   0x080009d4   0x000000b4   Code   RO          291    .text.BH1750_RecvByte  bh1750.o
    0x08000a88   0x08000a88   0x00000074   Code   RO          285    .text.BH1750_SendACK  bh1750.o
    0x08000afc   0x08000afc   0x0000007c   Code   RO          289    .text.BH1750_SendByte  bh1750.o
    0x08000b78   0x08000b78   0x00000040   Code   RO          281    .text.BH1750_Start  bh1750.o
    0x08000bb8   0x08000bb8   0x00000038   Code   RO          283    .text.BH1750_Stop   bh1750.o
    0x08000bf0   0x08000bf0   0x00000018   Code   RO          236    .text.BoardDisableIrq  sx126x_v01.o
    0x08000c08   0x08000c08   0x0000001c   Code   RO          238    .text.BoardEnableIrq  sx126x_v01.o
    0x08000c24   0x08000c24   0x00000090   Code   RO          320    .text.CheckCrc8     sht3x.o
    0x08000cb4   0x08000cb4   0x00000034   Code   RO           90    .text.Delay_ms      delay.o
    0x08000ce8   0x08000ce8   0x00000030   Code   RO           88    .text.Delay_us      delay.o
    0x08000d18   0x08000d18   0x00000024   Code   RO           20    .text.EXTI2_3_IRQHandler  gd32e23x_it.o
    0x08000d3c   0x08000d3c   0x00000048   Code   RO          240    .text.HW_SPI_InOut  sx126x_v01.o
    0x08000d84   0x08000d84   0x00000004   Code   RO            4    .text.HardFault_Handler  gd32e23x_it.o
    0x08000d88   0x08000d88   0x0000006e   Code   RO          342    .text.IIC_ACK       soft_i2c.o
    0x08000df6   0x08000df6   0x00000002   PAD
    0x08000df8   0x08000df8   0x0000003c   Code   RO          336    .text.IIC_Init      soft_i2c.o
    0x08000e34   0x08000e34   0x0000006e   Code   RO          344    .text.IIC_NACK      soft_i2c.o
    0x08000ea2   0x08000ea2   0x0000009c   Code   RO          350    .text.IIC_RcvByte   soft_i2c.o
    0x08000f3e   0x08000f3e   0x000000bc   Code   RO          348    .text.IIC_SendByte  soft_i2c.o
    0x08000ffa   0x08000ffa   0x00000060   Code   RO          338    .text.IIC_Start     soft_i2c.o
    0x0800105a   0x0800105a   0x00000066   Code   RO          340    .text.IIC_Stop      soft_i2c.o
    0x080010c0   0x080010c0   0x000000e4   Code   RO          346    .text.IIC_Wait_Ack  soft_i2c.o
    0x080011a4   0x080011a4   0x0000003c   Code   RO          295    .text.Init_BH1750   bh1750.o
    0x080011e0   0x080011e0   0x000000e8   Code   RO           31    .text.MX_GPIO_Init  main.o
    0x080012c8   0x080012c8   0x00000002   Code   RO            2    .text.NMI_Handler   gd32e23x_it.o
    0x080012ca   0x080012ca   0x00000002   PAD
    0x080012cc   0x080012cc   0x000000ac   Code   RO           37    .text.OnRxDone      main.o
    0x08001378   0x08001378   0x00000020   Code   RO           35    .text.OnTxDone      main.o
    0x08001398   0x08001398   0x00000002   Code   RO           16    .text.PendSV_Handler  gd32e23x_it.o
    0x0800139a   0x0800139a   0x00000002   PAD
    0x0800139c   0x0800139c   0x0000009c   Code   RO          170    .text.RadioGetFskBandwidthRegValue  sx126x_v01.o
    0x08001438   0x08001438   0x00000048   Code   RO          124    .text.RadioInit     sx126x_v01.o
    0x08001480   0x08001480   0x0000006c   Code   RO          160    .text.RadioSend     sx126x_v01.o
    0x080014ec   0x080014ec   0x00000064   Code   RO          148    .text.RadioSetModem  sx126x_v01.o
    0x08001550   0x08001550   0x00000060   Code   RO          152    .text.RadioSetPublicNetwork  sx126x_v01.o
    0x080015b0   0x080015b0   0x000002dc   Code   RO          178    .text.RadioSetRxConfig  sx126x_v01.o
    0x0800188c   0x0800188c   0x00000228   Code   RO          168    .text.RadioSetTxConfig  sx126x_v01.o
    0x08001ab4   0x08001ab4   0x0000000a   Code   RO          146    .text.RadioStandby  sx126x_v01.o
    0x08001abe   0x08001abe   0x00000002   PAD
    0x08001ac0   0x08001ac0   0x00000178   Code   RO          322    .text.SHT3x_Get_Humiture_periodic  sht3x.o
    0x08001c38   0x08001c38   0x00000028   Code   RO          318    .text.SHT3x_Init    sht3x.o
    0x08001c60   0x08001c60   0x00000088   Code   RO          316    .text.SHT3x_Recv_Data  sht3x.o
    0x08001ce8   0x08001ce8   0x00000060   Code   RO          312    .text.SHT3x_Send_Cmd  sht3x.o
    0x08001d48   0x08001d48   0x0000001c   Code   RO          310    .text.SHT3x_reset   sht3x.o
    0x08001d64   0x08001d64   0x00000002   Code   RO           12    .text.SVC_Handler   gd32e23x_it.o
    0x08001d66   0x08001d66   0x0000000e   Code   RO          242    .text.SX126xAntSwOn  sx126x_v01.o
    0x08001d74   0x08001d74   0x00000114   Code   RO          218    .text.SX126xCalibrateImage  sx126x_v01.o
    0x08001e88   0x08001e88   0x00000026   Code   RO          248    .text.SX126xCheckDeviceReady  sx126x_v01.o
    0x08001eae   0x08001eae   0x00000026   Code   RO          252    .text.SX126xClearIrqStatus  sx126x_v01.o
    0x08001ed4   0x08001ed4   0x0000001e   Code   RO          254    .text.SX126xGetIrqStatus  sx126x_v01.o
    0x08001ef2   0x08001ef2   0x00000002   PAD
    0x08001ef4   0x08001ef4   0x00000008   Code   RO          246    .text.SX126xGetOperatingMode  sx126x_v01.o
    0x08001efc   0x08001efc   0x0000001c   Code   RO          216    .text.SX126xGetPaSelect  sx126x_v01.o
    0x08001f18   0x08001f18   0x000000c0   Code   RO          206    .text.SX126xGetPacketStatus  sx126x_v01.o
    0x08001fd8   0x08001fd8   0x0000000c   Code   RO          162    .text.SX126xGetPacketType  sx126x_v01.o
    0x08001fe4   0x08001fe4   0x00000054   Code   RO          196    .text.SX126xGetPayload  sx126x_v01.o
    0x08002038   0x08002038   0x00000054   Code   RO          198    .text.SX126xGetRxBufferStatus  sx126x_v01.o
    0x0800208c   0x0800208c   0x00000024   Code   RO          202    .text.SX126xGetStatus  sx126x_v01.o
    0x080020b0   0x080020b0   0x00000028   Code   RO          126    .text.SX126xInit    sx126x_v01.o
    0x080020d8   0x080020d8   0x00000118   Code   RO           33    .text.SX126xOnDio1Irq  main.o
    0x080021f0   0x080021f0   0x00000086   Code   RO          200    .text.SX126xReadBuffer  sx126x_v01.o
    0x08002276   0x08002276   0x0000007c   Code   RO          204    .text.SX126xReadCommand  sx126x_v01.o
    0x080022f2   0x080022f2   0x00000024   Code   RO          184    .text.SX126xReadRegister  sx126x_v01.o
    0x08002316   0x08002316   0x00000092   Code   RO          258    .text.SX126xReadRegisters  sx126x_v01.o
    0x080023a8   0x080023a8   0x00000034   Code   RO          224    .text.SX126xReset   sx126x_v01.o
    0x080023dc   0x080023dc   0x00000028   Code   RO          166    .text.SX126xSendPayload  sx126x_v01.o
    0x08002404   0x08002404   0x0000002c   Code   RO          132    .text.SX126xSetBufferBaseAddress  sx126x_v01.o
    0x08002430   0x08002430   0x00000038   Code   RO          210    .text.SX126xSetCrcPolynomial  sx126x_v01.o
    0x08002468   0x08002468   0x00000038   Code   RO          208    .text.SX126xSetCrcSeed  sx126x_v01.o
    0x080024a0   0x080024a0   0x0000001c   Code   RO          228    .text.SX126xSetDio2AsRfSwitchCtrl  sx126x_v01.o
    0x080024bc   0x080024bc   0x0000006e   Code   RO          136    .text.SX126xSetDioIrqParams  sx126x_v01.o
    0x0800252a   0x0800252a   0x0000001c   Code   RO          182    .text.SX126xSetLoRaSymbNumTimeout  sx126x_v01.o
    0x08002546   0x08002546   0x00000002   PAD
    0x08002548   0x08002548   0x0000021c   Code   RO          172    .text.SX126xSetModulationParams  sx126x_v01.o
    0x08002764   0x08002764   0x00000054   Code   RO          214    .text.SX126xSetPaConfig  sx126x_v01.o
    0x080027b8   0x080027b8   0x00000124   Code   RO          164    .text.SX126xSetPacketParams  sx126x_v01.o
    0x080028dc   0x080028dc   0x00000038   Code   RO          150    .text.SX126xSetPacketType  sx126x_v01.o
    0x08002914   0x08002914   0x00000024   Code   RO          190    .text.SX126xSetPayload  sx126x_v01.o
    0x08002938   0x08002938   0x0000001c   Code   RO          130    .text.SX126xSetRegulatorMode  sx126x_v01.o
    0x08002954   0x08002954   0x000000b8   Code   RO          140    .text.SX126xSetRfFrequency  sx126x_v01.o
    0x08002a0c   0x08002a0c   0x0000001c   Code   RO          142    .text.SX126xSetRfTxPower  sx126x_v01.o
    0x08002a28   0x08002a28   0x00000038   Code   RO          128    .text.SX126xSetStandby  sx126x_v01.o
    0x08002a60   0x08002a60   0x0000001c   Code   RO          180    .text.SX126xSetStopRxTimerOnPreambleDetect  sx126x_v01.o
    0x08002a7c   0x08002a7c   0x00000018   Code   RO          174    .text.SX126xSetSyncWord  sx126x_v01.o
    0x08002a94   0x08002a94   0x00000030   Code   RO          192    .text.SX126xSetTx   sx126x_v01.o
    0x08002ac4   0x08002ac4   0x000000e4   Code   RO          134    .text.SX126xSetTxParams  sx126x_v01.o
    0x08002ba8   0x08002ba8   0x00000058   Code   RO          176    .text.SX126xSetWhiteningSeed  sx126x_v01.o
    0x08002c00   0x08002c00   0x0000001c   Code   RO          234    .text.SX126xWaitOnBusy  sx126x_v01.o
    0x08002c1c   0x08002c1c   0x0000003e   Code   RO          226    .text.SX126xWakeup  sx126x_v01.o
    0x08002c5a   0x08002c5a   0x00000078   Code   RO          194    .text.SX126xWriteBuffer  sx126x_v01.o
    0x08002cd2   0x08002cd2   0x00000084   Code   RO          188    .text.SX126xWriteCommand  sx126x_v01.o
    0x08002d56   0x08002d56   0x00000028   Code   RO          154    .text.SX126xWriteRegister  sx126x_v01.o
    0x08002d7e   0x08002d7e   0x00000084   Code   RO          186    .text.SX126xWriteRegisters  sx126x_v01.o
    0x08002e02   0x08002e02   0x00000028   Code   RO          293    .text.Single_Write_BH1750  bh1750.o
    0x08002e2a   0x08002e2a   0x00000002   PAD
    0x08002e2c   0x08002e2c   0x00000054   Code   RO           72    .text.SysTick_Config  systick.o
    0x08002e80   0x08002e80   0x00000008   Code   RO           18    .text.SysTick_Handler  gd32e23x_it.o
    0x08002e88   0x08002e88   0x000000ac   Code   RO          372    .text.SystemInit    system_gd32e23x.o
    0x08002f34   0x08002f34   0x0000004c   Code   RO          105    .text.USART0_IRQHandler  usart.o
    0x08002f80   0x08002f80   0x000000dc   Code   RO           99    .text.USART0_Init   usart.o
    0x0800305c   0x0800305c   0x00000058   Code   RO          113    .text.USART1_IRQHandler  usart.o
    0x080030b4   0x080030b4   0x000000dc   Code   RO          107    .text.USART1_Init   usart.o
    0x08003190   0x08003190   0x00000034   Code   RO          843    .text.__NVIC_EnableIRQ  gd32e23x_misc.o
    0x080031c4   0x080031c4   0x00000080   Code   RO           74    .text.__NVIC_SetPriority  systick.o
    0x08003244   0x08003244   0x00000088   Code   RO          841    .text.__NVIC_SetPriority  gd32e23x_misc.o
    0x080032cc   0x080032cc   0x0000001c   Code   RO           76    .text.delay_1ms     systick.o
    0x080032e8   0x080032e8   0x0000001c   Code   RO           78    .text.delay_decrement  systick.o
    0x08003304   0x08003304   0x000000d8   Code   RO          604    .text.exti_init     gd32e23x_exti.o
    0x080033dc   0x080033dc   0x00000010   Code   RO          620    .text.exti_interrupt_flag_clear  gd32e23x_exti.o
    0x080033ec   0x080033ec   0x00000048   Code   RO          618    .text.exti_interrupt_flag_get  gd32e23x_exti.o
    0x08003434   0x08003434   0x00000034   Code   RO          115    .text.fputc         usart.o
    0x08003468   0x08003468   0x000000c4   Code   RO          747    .text.gpio_af_set   gd32e23x_gpio.o
    0x0800352c   0x0800352c   0x00000010   Code   RO          733    .text.gpio_bit_reset  gd32e23x_gpio.o
    0x0800353c   0x0800353c   0x00000010   Code   RO          731    .text.gpio_bit_set  gd32e23x_gpio.o
    0x0800354c   0x0800354c   0x00000010   Code   RO          751    .text.gpio_bit_toggle  gd32e23x_gpio.o
    0x0800355c   0x0800355c   0x0000003e   Code   RO          361    .text.gpio_config   spi.o
    0x0800359a   0x0800359a   0x0000002a   Code   RO          739    .text.gpio_input_bit_get  gd32e23x_gpio.o
    0x080035c4   0x080035c4   0x00000090   Code   RO          727    .text.gpio_mode_set  gd32e23x_gpio.o
    0x08003654   0x08003654   0x0000008e   Code   RO          729    .text.gpio_output_options_set  gd32e23x_gpio.o
    0x080036e2   0x080036e2   0x00000002   PAD
    0x080036e4   0x080036e4   0x000002d4   Code   RO           29    .text.main          main.o
    0x080039b8   0x080039b8   0x00000064   Code   RO          297    .text.mread         bh1750.o
    0x08003a1c   0x08003a1c   0x00000034   Code   RO          839    .text.nvic_irq_enable  gd32e23x_misc.o
    0x08003a50   0x08003a50   0x00000020   Code   RO          853    .text.nvic_vector_table_set  gd32e23x_misc.o
    0x08003a70   0x08003a70   0x00000304   Code   RO          978    .text.rcu_clock_freq_get  gd32e23x_rcu.o
    0x08003d74   0x08003d74   0x00000018   Code   RO          359    .text.rcu_config    spi.o
    0x08003d8c   0x08003d8c   0x00000024   Code   RO          904    .text.rcu_periph_clock_enable  gd32e23x_rcu.o
    0x08003db0   0x08003db0   0x00000024   Code   RO          914    .text.rcu_periph_reset_disable  gd32e23x_rcu.o
    0x08003dd4   0x08003dd4   0x00000028   Code   RO          912    .text.rcu_periph_reset_enable  gd32e23x_rcu.o
    0x08003dfc   0x08003dfc   0x0000008c   Code   RO          299    .text.read_BH1750   bh1750.o
    0x08003e88   0x08003e88   0x00000050   Code   RO          363    .text.spi_config    spi.o
    0x08003ed8   0x08003ed8   0x00000022   Code   RO         1096    .text.spi_crc_polynomial_set  gd32e23x_spi.o
    0x08003efa   0x08003efa   0x00000012   Code   RO         1064    .text.spi_enable    gd32e23x_spi.o
    0x08003f0c   0x08003f0c   0x00000050   Code   RO         1092    .text.spi_i2s_data_receive  gd32e23x_spi.o
    0x08003f5c   0x08003f5c   0x00000050   Code   RO         1090    .text.spi_i2s_data_transmit  gd32e23x_spi.o
    0x08003fac   0x08003fac   0x00000048   Code   RO         1058    .text.spi_i2s_deinit  gd32e23x_spi.o
    0x08003ff4   0x08003ff4   0x00000088   Code   RO         1134    .text.spi_i2s_flag_get  gd32e23x_spi.o
    0x0800407c   0x0800407c   0x00000134   Code   RO         1062    .text.spi_init      gd32e23x_spi.o
    0x080041b0   0x080041b0   0x00000026   Code   RO         1060    .text.spi_struct_para_init  gd32e23x_spi.o
    0x080041d6   0x080041d6   0x00000002   PAD
    0x080041d8   0x080041d8   0x000000b8   Code   RO         1163    .text.syscfg_exti_line_config  gd32e23x_syscfg.o
    0x08004290   0x08004290   0x000000e0   Code   RO          378    .text.system_clock_72m_irc8m  system_gd32e23x.o
    0x08004370   0x08004370   0x00000008   Code   RO          374    .text.system_clock_config  system_gd32e23x.o
    0x08004378   0x08004378   0x00000034   Code   RO           70    .text.systick_config  systick.o
    0x080043ac   0x080043ac   0x000000b0   Code   RO         1335    .text.usart_baudrate_set  gd32e23x_usart.o
    0x0800445c   0x0800445c   0x00000010   Code   RO         1371    .text.usart_data_receive  gd32e23x_usart.o
    0x0800446c   0x0800446c   0x00000018   Code   RO         1369    .text.usart_data_transmit  gd32e23x_usart.o
    0x08004484   0x08004484   0x00000054   Code   RO         1333    .text.usart_deinit  gd32e23x_usart.o
    0x080044d8   0x080044d8   0x00000012   Code   RO         1343    .text.usart_enable  gd32e23x_usart.o
    0x080044ea   0x080044ea   0x0000003a   Code   RO         1467    .text.usart_flag_get  gd32e23x_usart.o
    0x08004524   0x08004524   0x0000002a   Code   RO         1433    .text.usart_hardware_flow_cts_config  gd32e23x_usart.o
    0x0800454e   0x0800454e   0x0000002a   Code   RO         1431    .text.usart_hardware_flow_rts_config  gd32e23x_usart.o
    0x08004578   0x08004578   0x00000026   Code   RO         1471    .text.usart_interrupt_enable  gd32e23x_usart.o
    0x0800459e   0x0800459e   0x00000002   PAD
    0x080045a0   0x080045a0   0x00000040   Code   RO         1479    .text.usart_interrupt_flag_clear  gd32e23x_usart.o
    0x080045e0   0x080045e0   0x00000066   Code   RO         1477    .text.usart_interrupt_flag_get  gd32e23x_usart.o
    0x08004646   0x08004646   0x0000002a   Code   RO         1337    .text.usart_parity_config  gd32e23x_usart.o
    0x08004670   0x08004670   0x0000001e   Code   RO         1349    .text.usart_receive_config  gd32e23x_usart.o
    0x0800468e   0x0800468e   0x0000002a   Code   RO         1341    .text.usart_stop_bit_set  gd32e23x_usart.o
    0x080046b8   0x080046b8   0x0000001e   Code   RO         1347    .text.usart_transmit_config  gd32e23x_usart.o
    0x080046d6   0x080046d6   0x0000002a   Code   RO         1339    .text.usart_word_length_set  gd32e23x_usart.o
    0x08004700   0x08004700   0x00000020   Code   RO         1537    i.__0printf         mc_p.l(printfa.o)
    0x08004720   0x08004720   0x0000002e   Code   RO         1650    i.__ARM_clz         mf_p.l(depilogue.o)
    0x0800474e   0x0800474e   0x00000002   PAD
    0x08004750   0x08004750   0x0000002c   Code   RO         1600    i.__ARM_fpclassify  m_ps.l(fpclassify.o)
    0x0800477c   0x0800477c   0x000000ac   Code   RO         1602    i.__kernel_poly     m_ps.l(poly.o)
    0x08004828   0x08004828   0x00000014   Code   RO         1586    i.__mathlib_dbl_divzero  m_ps.l(dunder.o)
    0x0800483c   0x0800483c   0x00000008   Code   RO         1588    i.__mathlib_dbl_infnan2  m_ps.l(dunder.o)
    0x08004844   0x08004844   0x00000010   Code   RO         1589    i.__mathlib_dbl_invalid  m_ps.l(dunder.o)
    0x08004854   0x08004854   0x00000014   Code   RO         1590    i.__mathlib_dbl_overflow  m_ps.l(dunder.o)
    0x08004868   0x08004868   0x00000014   Code   RO         1592    i.__mathlib_dbl_underflow  m_ps.l(dunder.o)
    0x0800487c   0x0800487c   0x0000000e   Code   RO         1666    i.__scatterload_copy  mc_p.l(handlers.o)
    0x0800488a   0x0800488a   0x00000002   Code   RO         1667    i.__scatterload_null  mc_p.l(handlers.o)
    0x0800488c   0x0800488c   0x0000000e   Code   RO         1668    i.__scatterload_zeroinit  mc_p.l(handlers.o)
    0x0800489a   0x0800489a   0x00000002   PAD
    0x0800489c   0x0800489c   0x0000000c   Code   RO         1640    i.__set_errno       mc_p.l(errno.o)
    0x080048a8   0x080048a8   0x00000174   Code   RO         1544    i._fp_digits        mc_p.l(printfa.o)
    0x08004a1c   0x08004a1c   0x000006ec   Code   RO         1545    i._printf_core      mc_p.l(printfa.o)
    0x08005108   0x08005108   0x00000020   Code   RO         1546    i._printf_post_padding  mc_p.l(printfa.o)
    0x08005128   0x08005128   0x0000002c   Code   RO         1547    i._printf_pre_padding  mc_p.l(printfa.o)
    0x08005154   0x08005154   0x000009fc   Code   RO         1518    i.pow               m_ps.l(pow.o)
    0x08005b50   0x08005b50   0x00000048   Code   RO         1606    i.sqrt              m_ps.l(sqrt.o)
    0x08005b98   0x08005b98   0x00000088   Data   RO         1519    .constdata          m_ps.l(pow.o)
    0x08005c20   0x08005c20   0x00000008   Data   RO         1604    .constdata          m_ps.l(qnan.o)
    0x08005c28   0x08005c28   0x00000007   Data   RO          262    .rodata.Bandwidths  sx126x_v01.o
    0x08005c2f   0x08005c2f   0x00000001   PAD
    0x08005c30   0x08005c30   0x000000b0   Data   RO          263    .rodata.FskBandwidths  sx126x_v01.o
    0x08005ce0   0x08005ce0   0x000001ac   Data   RO           55    .rodata.str1.1      main.o
    0x08005e8c   0x08005e8c   0x00000078   Data   RO          267    .rodata.str1.1      sx126x_v01.o
    0x08005f04   0x08005f04   0x00000017   Data   RO          328    .rodata.str1.1      sht3x.o
    0x08005f1b   0x08005f1b   0x00000001   PAD
    0x08005f1c   0x08005f1c   0x00000020   Data   RO         1665    Region$$Table       anon$$obj.o


    Execution Region RW_IRAM1 (Exec base: 0x20000000, Load base: 0x08005f40, Size: 0x000009a8, Max: 0x00002000, ABSOLUTE)

    Exec Addr    Load Addr    Size         Type   Attr      Idx    E Section Name        Object

    0x20000000   0x08005f40   0x00000004   Data   RW         1627    .data               mc_p.l(stdout.o)
    0x20000004   0x08005f44   0x00000004   Data   RW         1641    .data               mc_p.l(errno.o)
    0x20000008   0x08005f48   0x00000001   Data   RW          261    .data.MaxPayloadLength  sx126x_v01.o
    0x20000009   0x08005f49   0x00000002   Data   RW           56    .data.RadioPublicNetwork  main.o
    0x2000000b   0x08005f4b   0x00000002   Data   RW          268    .data.RadioPublicNetwork  sx126x_v01.o
    0x2000000d   0x08005f4d   0x00000001   Data   RW          264    .data.RxContinuous  sx126x_v01.o
    0x2000000e   0x08005f4e   0x00000002   PAD
    0x20000010   0x08005f50   0x00000004   Data   RW          380    .data.SystemCoreClock  system_gd32e23x.o
    0x20000014   0x08005f54   0x00000001   Data   RW          326    .data.addr          sht3x.o
    0x20000015   0x08005f55   0x00000003   PAD
    0x20000018        -       0x00000008   Zero   RW          302    .bss.BUF            bh1750.o
    0x20000020        -       0x000000fa   Zero   RW           45    .bss.Buffer         main.o
    0x2000011a        -       0x00000001   Zero   RW           52    .bss.CRCFail        main.o
    0x2000011b   0x08005f55   0x00000001   PAD
    0x2000011c        -       0x00000004   Zero   RW          260    .bss.FrequencyError  sx126x_v01.o
    0x20000120        -       0x00000001   Zero   RW          272    .bss.ImageCalibrated  sx126x_v01.o
    0x20000121        -       0x00000001   Zero   RW          273    .bss.IrqNestLevel   sx126x_v01.o
    0x20000122        -       0x00000001   Zero   RW          271    .bss.OperatingMode  sx126x_v01.o
    0x20000123        -       0x00000001   Zero   RW          270    .bss.PacketType     sx126x_v01.o
    0x20000124        -       0x00000001   Zero   RW           50    .bss.RXDoneFlag     main.o
    0x20000125   0x08005f55   0x00000003   PAD
    0x20000128        -       0x00000014   Zero   RW           59    .bss.RadioPktStatus  main.o
    0x2000013c        -       0x00000001   Zero   RW           58    .bss.RadioRxPacketSize  main.o
    0x2000013d        -       0x000000ff   Zero   RW           57    .bss.RadioRxPayload  main.o
    0x2000023c        -       0x00000004   Zero   RW          266    .bss.RxTimeout      sx126x_v01.o
    0x20000240        -       0x0000003c   Zero   RW          269    .bss.SX126x         sx126x_v01.o
    0x2000027c        -       0x00000001   Zero   RW           49    .bss.TXDone         main.o
    0x2000027d        -       0x00000001   Zero   RW           51    .bss.TimeOutFlag    main.o
    0x2000027e   0x08005f55   0x00000002   PAD
    0x20000280        -       0x00000190   Zero   RW           60    .bss.USART0_RECEIVE_Buf  main.o
    0x20000410        -       0x00000190   Zero   RW           61    .bss.USART1_RECEIVE_Buf  main.o
    0x200005a0        -       0x00000004   Zero   RW           80    .bss.delay          systick.o
    0x200005a4        -       0x00000004   Zero   RW          301    .bss.mcy            bh1750.o
    0x200005a8        -       0x00000400   Zero   RW         1508    STACK               startup_gd32e23x.o


==============================================================================

Image component sizes


      Code (inc. data)   RO Data    RW Data    ZI Data      Debug   Object Name

      1008         24          0          0         12       3074   bh1750.o
       100          4          0          0          0        729   delay.o
       304         20          0          0          0       3266   gd32e23x_exti.o
       572          0          0          0          0       4318   gd32e23x_gpio.o
        54          0          0          0          0       1868   gd32e23x_it.o
       272         20          0          0          0       3973   gd32e23x_misc.o
       884         40          0          0          0      11575   gd32e23x_rcu.o
       766         16          0          0          0       9111   gd32e23x_spi.o
       184         16          0          0          0       2856   gd32e23x_syscfg.o
       850         28          0          0          0      14326   gd32e23x_usart.o
      1440        172        428          2       1330       6593   main.o
       820         40         23          1          0       3650   sht3x.o
      1050          4          0          0          0       2236   soft_i2c.o
       166          8          0          0          0       1619   spi.o
        28          8        204          0       1024        720   startup_gd32e23x.o
      5918        232        303          4         72      21870   sx126x_v01.o
       404         56          0          4          0       1879   system_gd32e23x.o
       320         20          0          0          4       3033   systick.o
       656         48          0          0          0       4898   usart.o

    ----------------------------------------------------------------------
     15816        756        992         16       2448     101594   Object Totals
         0          0         32          0          0          0   (incl. Generated)
        20          0          2          5          6          0   (incl. Padding)

    ----------------------------------------------------------------------

      Code (inc. data)   RO Data    RW Data    ZI Data      Debug   Library Member Name

        84         14          0          0          0        340   dunder.o
        44          4          0          0          0         60   fpclassify.o
       172          0          0          0          0         76   poly.o
      2556        196        136          0          0        240   pow.o
         0          0          8          0          0          0   qnan.o
        72          6          0          0          0         76   sqrt.o
         0          0          0          0          0          0   entry.o
         0          0          0          0          0          0   entry10a.o
         0          0          0          0          0          0   entry11a.o
         8          4          0          0          0          0   entry2.o
         4          0          0          0          0          0   entry5.o
         0          0          0          0          0          0   entry7b.o
         0          0          0          0          0          0   entry8b.o
         8          4          0          0          0          0   entry9a.o
        12          6          0          4          0         60   errno.o
        30          0          0          0          0          0   handlers.o
        36          8          0          0          0         68   init.o
         0          0          0          0          0          0   iusefp.o
        32          0          0          0          0         68   llshl.o
        38          0          0          0          0         68   llsshr.o
        34          0          0          0          0         68   llushr.o
        36          0          0          0          0         60   memcpya.o
        36          0          0          0          0        100   memseta.o
      2252         98          0          0          0        412   printfa.o
         0          0          0          4          0          0   stdout.o
        44          0          0          0          0         72   uidiv.o
        96          0          0          0          0         84   uldiv.o
        40          2          0          0          0         68   cdrcmple.o
        56          0          0          0          0         68   d2f.o
       356          4          0          0          0        140   dadd.o
        44          0          0          0          0         68   dcmpgt.o
        44          0          0          0          0         68   dcmplt.o
       240          6          0          0          0         84   ddiv.o
       236          0          0          0          0        216   depilogue.o
        60         10          0          0          0         68   dfixui.o
        64         10          0          0          0         68   dfixul.o
        40          6          0          0          0         68   dflti.o
        28          4          0          0          0         68   dfltui.o
       208          6          0          0          0         88   dmul.o
        44          0          0          0          0         72   dscalb.o
       162          0          0          0          0         80   dsqrt.o
       130          0          0          0          0        144   fepilogue.o
        50          0          0          0          0         60   ffixi.o
        22          0          0          0          0         68   fflti.o

    ----------------------------------------------------------------------
      7428        388        144          8          0       3348   Library Totals
        10          0          0          0          0          0   (incl. Padding)

    ----------------------------------------------------------------------

      Code (inc. data)   RO Data    RW Data    ZI Data      Debug   Library Name

      2928        220        144          0          0        792   m_ps.l
      2666        120          0          8          0       1060   mc_p.l
      1824         48          0          0          0       1496   mf_p.l

    ----------------------------------------------------------------------
      7428        388        144          8          0       3348   Library Totals

    ----------------------------------------------------------------------

==============================================================================


      Code (inc. data)   RO Data    RW Data    ZI Data      Debug   

     23244       1144       1136         24       2448     103098   Grand Totals
     23244       1144       1136         24       2448     103098   ELF Image Totals
     23244       1144       1136         24          0          0   ROM Totals

==============================================================================

    Total RO  Size (Code + RO Data)                24380 (  23.81kB)
    Total RW  Size (RW Data + ZI Data)              2472 (   2.41kB)
    Total ROM Size (Code + RO Data + RW Data)      24404 (  23.83kB)

==============================================================================

